Archive member included to satisfy reference by file (symbol)

d:/projects/devkitPro/libnds/lib\libnds9.a(keys.o)
                              game.o (scanKeys)
d:/projects/devkitPro/libnds/lib\libnds9.a(console.o)
                              main.o (consoleDemoInit)
d:/projects/devkitPro/libnds/lib\libnds9.a(system.o)
                              main.o (powerOn)
d:/projects/devkitPro/libnds/lib\libnds9.a(touch.o)
                              game.o (touchRead)
d:/projects/devkitPro/libnds/lib\libnds9.a(background.o)
                              d:/projects/devkitPro/libnds/lib\libnds9.a(console.o) (bgState)
d:/projects/devkitPro/libnds/lib\libnds9.a(securearea.o)
                              d:/projects/devkitpro/devkitarm/bin/../lib/gcc/arm-none-eabi/7.1.0/../../../../arm-none-eabi/lib/ds_arm9_crt0.o (__secure_area__)
d:/projects/devkitPro/libnds/lib\libnds9.a(initSystem.o)
                              d:/projects/devkitpro/devkitarm/bin/../lib/gcc/arm-none-eabi/7.1.0/../../../../arm-none-eabi/lib/ds_arm9_crt0.o (initSystem)
d:/projects/devkitPro/libnds/lib\libnds9.a(fifosystem.o)
                              d:/projects/devkitPro/libnds/lib\libnds9.a(initSystem.o) (fifoSetValue32Handler)
d:/projects/devkitPro/libnds/lib\libnds9.a(libnds_exit.arm.o)
                              d:/projects/devkitpro/devkitarm/bin/../lib/gcc/arm-none-eabi/7.1.0/../../../../arm-none-eabi/lib/ds_arm9_crt0.o (__libnds_exit)
d:/projects/devkitPro/libnds/lib\libnds9.a(interrupts.o)
                              d:/projects/devkitPro/libnds/lib\libnds9.a(fifosystem.o) (irqSet)
d:/projects/devkitPro/libnds/lib\libnds9.a(cpu_clock.o)
                              d:/projects/devkitPro/libnds/lib\libnds9.a(initSystem.o) (setCpuClock)
d:/projects/devkitPro/libnds/lib\libnds9.a(IntrWait.o)
                              main.o (swiWaitForVBlank)
d:/projects/devkitPro/libnds/lib\libnds9.a(mpu_setup.o)
                              d:/projects/devkitpro/devkitarm/bin/../lib/gcc/arm-none-eabi/7.1.0/../../../../arm-none-eabi/lib/ds_arm9_crt0.o (__libnds_mpu_setup)
d:/projects/devkitPro/libnds/lib\libnds9.a(swiSoftReset.o)
                              d:/projects/devkitPro/libnds/lib\libnds9.a(fifosystem.o) (swiSoftReset)
d:/projects/devkitPro/libnds/lib\libnds9.a(debugprint.o)
                              d:/projects/devkitPro/libnds/lib\libnds9.a(console.o) (nocashWrite)
d:/projects/devkitPro/libnds/lib\libnds9.a(biosCalls.o)
                              d:/projects/devkitPro/libnds/lib\libnds9.a(system.o) (swiDelay)
d:/projects/devkitPro/libnds/lib\libnds9.a(interruptDispatcher.o)
                              d:/projects/devkitPro/libnds/lib\libnds9.a(interrupts.o) (IntrMain)
d:/projects/devkitPro/libnds/lib\libnds9.a(default_font.bin.o)
                              d:/projects/devkitPro/libnds/lib\libnds9.a(console.o) (default_font_bin)
d:/projects/devkitPro/libnds/lib\libnds9.a(trig.o)
                              d:/projects/devkitPro/libnds/lib\libnds9.a(background.o) (sinLerp)
d:/projects/devkitPro/libnds/lib\libnds9.a(video.o)
                              d:/projects/devkitPro/libnds/lib\libnds9.a(initSystem.o) (vramDefault)
d:/projects/devkitPro/libnds/lib\libnds9.a(timeSupport.o)
                              d:/projects/devkitPro/libnds/lib\libnds9.a(initSystem.o) (__libnds_gtod)
d:/projects/devkitpro/devkitarm/bin/../lib/gcc/arm-none-eabi/7.1.0\libgcc.a(_udivsi3.o)
                              game.o (__aeabi_uidiv)
d:/projects/devkitpro/devkitarm/bin/../lib/gcc/arm-none-eabi/7.1.0\libgcc.a(_divsi3.o)
                              game.o (__aeabi_idiv)
d:/projects/devkitpro/devkitarm/bin/../lib/gcc/arm-none-eabi/7.1.0\libgcc.a(_dvmd_tls.o)
                              d:/projects/devkitpro/devkitarm/bin/../lib/gcc/arm-none-eabi/7.1.0\libgcc.a(_udivsi3.o) (__aeabi_idiv0)
d:/projects/devkitpro/devkitarm/bin/../lib/gcc/arm-none-eabi/7.1.0/../../../../arm-none-eabi/lib\libg.a(lib_a-bsearch.o)
                              d:/projects/devkitPro/libnds/lib\libnds9.a(trig.o) (bsearch)
d:/projects/devkitpro/devkitarm/bin/../lib/gcc/arm-none-eabi/7.1.0/../../../../arm-none-eabi/lib\libg.a(lib_a-init.o)
                              d:/projects/devkitpro/devkitarm/bin/../lib/gcc/arm-none-eabi/7.1.0/../../../../arm-none-eabi/lib/ds_arm9_crt0.o (__libc_init_array)
d:/projects/devkitpro/devkitarm/bin/../lib/gcc/arm-none-eabi/7.1.0/../../../../arm-none-eabi/lib\libg.a(lib_a-iprintf.o)
                              game.o (iprintf)
d:/projects/devkitpro/devkitarm/bin/../lib/gcc/arm-none-eabi/7.1.0/../../../../arm-none-eabi/lib\libg.a(lib_a-memcpy-stub.o)
                              d:/projects/devkitPro/libnds/lib\libnds9.a(console.o) (memcpy)
d:/projects/devkitpro/devkitarm/bin/../lib/gcc/arm-none-eabi/7.1.0/../../../../arm-none-eabi/lib\libg.a(lib_a-memset.o)
                              d:/projects/devkitPro/libnds/lib\libnds9.a(background.o) (memset)
[...]
Memory Configuration

Name             Origin             Length             Attributes
ewram            0x02000000         0x00380000
dtcm             0x0b000000         0x00004000
vectors          0x01000000         0x00000100
itcm             0x01000100         0x00007f00
*default*        0x00000000         0xffffffff

Linker script and memory map

                0x02380000                __ewram_end = (ORIGIN (ewram) + LENGTH (ewram))
                0x02380000                __eheap_end = (ORIGIN (ewram) + LENGTH (ewram))
                0x0b004000                __dtcm_top = (ORIGIN (dtcm) + LENGTH (dtcm))
                0x0b003ff8                __irq_flags = (__dtcm_top - 0x8)
                0x0b003ffc                __irq_vector = (__dtcm_top - 0x4)
                0x0b003f00                __sp_svc = (__dtcm_top - 0x100)
                0x0b003e00                __sp_irq = (__sp_svc - 0x100)
                0x0b003d00                __sp_usr = (__sp_irq - 0x100)

.secure         0x02000000      0x800
 *(.secure)
 .secure        0x02000000      0x800 d:/projects/devkitPro/libnds/lib\libnds9.a(securearea.o)
                0x02000000                __secure_area__

.crt0           0x02000800      0x300
                0x02000800                __text_start = .
 *(.crt0)
 .crt0          0x02000800      0x300 d:/projects/devkitpro/devkitarm/bin/../lib/gcc/arm-none-eabi/7.1.0/../../../../arm-none-eabi/lib/ds_arm9_crt0.o
                0x02000800                _start
                0x02000b00                . = ALIGN (0x4)

.plt
 *(.plt)

.init           0x02000b00       0x18
 *(SORT(.init))
 .init          0x02000b00        0xc d:/projects/devkitpro/devkitarm/bin/../lib/gcc/arm-none-eabi/7.1.0/crti.o
                0x02000b00                _init
 .init          0x02000b0c        0xc d:/projects/devkitpro/devkitarm/bin/../lib/gcc/arm-none-eabi/7.1.0/crtn.o

.text           0x02000b18    0x13200
 *(EXCLUDE_FILE(*.twl* *.vectors* *.itcm*) .text)
 .text          0x02000b18       0x94 game.o
                0x02000b18                gameLoop()
 .text          0x02000bac      0x114 d:/projects/devkitpro/devkitarm/bin/../lib/gcc/arm-none-eabi/7.1.0\libgcc.a(_udivsi3.o)
                0x02000bac                __aeabi_uidiv
                0x02000bac                __udivsi3
                0x02000ca0                __aeabi_uidivmod
 .text          0x02000cc0      0x148 d:/projects/devkitpro/devkitarm/bin/../lib/gcc/arm-none-eabi/7.1.0\libgcc.a(_divsi3.o)
                0x02000cc0                __divsi3
                0x02000cc0                __aeabi_idiv
                0x02000de8                __aeabi_idivmod
 .text          0x02000e08        0x4 d:/projects/devkitpro/devkitarm/bin/../lib/gcc/arm-none-eabi/7.1.0\libgcc.a(_dvmd_tls.o)
                0x02000e08                __aeabi_idiv0
                0x02000e08                __aeabi_ldiv0
 .text          0x02000e0c      0x224 d:/projects/devkitpro/devkitarm/bin/../lib/gcc/arm-none-eabi/7.1.0/../../../../arm-none-eabi/lib\libg.a(lib_a-strcmp.o)
                0x02000e0c                strcmp
 .text          0x02001030       0x3c d:/projects/devkitpro/devkitarm/bin/../lib/gcc/arm-none-eabi/7.1.0\libgcc.a(_aeabi_uldivmod.o)
                0x02001030                __aeabi_uldivmod
 .text          0x0200106c       0x28 d:/projects/devkitpro/devkitarm/bin/../lib/gcc/arm-none-eabi/7.1.0\libgcc.a(_clzdi2.o)
                0x0200106c                __clzdi2
 .text          0x02001094       0x48 d:/projects/devkitpro/devkitarm/bin/../lib/gcc/arm-none-eabi/7.1.0\libgcc.a(_clzsi2.o)
                0x02001094                __clzsi2
 *(EXCLUDE_FILE(*.twl* *.vectors* *.itcm*) .stub)
 *(EXCLUDE_FILE(*.twl* *.vectors* *.itcm*) .text.*)
 .text.deregister_tm_clones
                0x020010dc       0x2c d:/projects/devkitpro/devkitarm/bin/../lib/gcc/arm-none-eabi/7.1.0/crtbegin.o
 .text.register_tm_clones
                0x02001108       0x38 d:/projects/devkitpro/devkitarm/bin/../lib/gcc/arm-none-eabi/7.1.0/crtbegin.o
 .text.__do_global_dtors_aux
                0x02001140       0x44 d:/projects/devkitpro/devkitarm/bin/../lib/gcc/arm-none-eabi/7.1.0/crtbegin.o
 .text.frame_dummy
                0x02001184       0x34 d:/projects/devkitpro/devkitarm/bin/../lib/gcc/arm-none-eabi/7.1.0/crtbegin.o
 .text.startup  0x020011b8       0xd4 main.o
                0x020011b8                main
 .text.scanKeys
                0x0200128c       0x8c d:/projects/devkitPro/libnds/lib\libnds9.a(keys.o)
                0x0200128c                scanKeys
 .text.keysHeld
                0x02001318        0xc d:/projects/devkitPro/libnds/lib\libnds9.a(keys.o)
                0x02001318                keysHeld
 .text.newRow   0x02001324       0xbc d:/projects/devkitPro/libnds/lib\libnds9.a(console.o)
 .text.consolePrintChar
                0x020013e0       0xec d:/projects/devkitPro/libnds/lib\libnds9.a(console.o)
                0x020013e0                consolePrintChar
 .text.consoleCls
                0x020014cc       0xec d:/projects/devkitPro/libnds/lib\libnds9.a(console.o)
 .text.consoleLoadFont
                0x020015b8      0x270 d:/projects/devkitPro/libnds/lib\libnds9.a(console.o)
                0x020015b8                consoleLoadFont
 .text.consoleInit
                0x02001828      0x15c d:/projects/devkitPro/libnds/lib\libnds9.a(console.o)
                0x02001828                consoleInit
 .text.consoleDemoInit
                0x02001984       0x40 d:/projects/devkitPro/libnds/lib\libnds9.a(console.o)
                0x02001984                consoleDemoInit
 .text.con_write
                0x020019c4      0x288 d:/projects/devkitPro/libnds/lib\libnds9.a(console.o)
                0x020019c4                con_write
 .text.systemValueHandler
                0x02001c4c       0x48 d:/projects/devkitPro/libnds/lib\libnds9.a(system.o)
                0x02001c4c                systemValueHandler
 .text.systemMsgHandler
                0x02001c94       0x5c d:/projects/devkitPro/libnds/lib\libnds9.a(system.o)
                0x02001c94                systemMsgHandler
 .text.powerOn  0x02001cf0       0x2c d:/projects/devkitPro/libnds/lib\libnds9.a(system.o)
                0x02001cf0                powerOn
 .text.touchRead
                0x02001d1c       0x24 d:/projects/devkitPro/libnds/lib\libnds9.a(touch.o)
                0x02001d1c                touchRead
 .text.checkIfText.part.0
                0x02001d40       0x3c d:/projects/devkitPro/libnds/lib\libnds9.a(background.o)
 .text.bgUpdate
                0x02001d7c       0xec d:/projects/devkitPro/libnds/lib\libnds9.a(background.o)
                0x02001d7c                bgUpdate
 .text.bgInit_call
                0x02001e68       0xbc d:/projects/devkitPro/libnds/lib\libnds9.a(background.o)
                0x02001e68                bgInit_call
 .text.bgInitSub_call
                0x02001f24       0xc4 d:/projects/devkitPro/libnds/lib\libnds9.a(background.o)
                0x02001f24                bgInitSub_call
 .text.initSystem
                0x02001fe8      0x194 d:/projects/devkitPro/libnds/lib\libnds9.a(initSystem.o)
                0x02001fe8                initSystem
 .text.__timeoutvbl
                0x0200217c       0x10 d:/projects/devkitPro/libnds/lib\libnds9.a(fifosystem.o)
 .text.fifo_allocBlock.part.0
                0x0200218c       0x34 d:/projects/devkitPro/libnds/lib\libnds9.a(fifosystem.o)
 .text.fifo_waitBlock
                0x020021c0       0x48 d:/projects/devkitPro/libnds/lib\libnds9.a(fifosystem.o)
 .text.fifo_queueBlock
                0x02002208       0x44 d:/projects/devkitPro/libnds/lib\libnds9.a(fifosystem.o)
 .text.fifoInternalSendInterrupt
                0x0200224c       0xac d:/projects/devkitPro/libnds/lib\libnds9.a(fifosystem.o)
 .text.fifoInternalSend.part.3
                0x020022f8       0xd4 d:/projects/devkitPro/libnds/lib\libnds9.a(fifosystem.o)
 .text.fifoGetValue32.part.4
                0x020023cc       0x74 d:/projects/devkitPro/libnds/lib\libnds9.a(fifosystem.o)
 .text.fifoSetValue32Handler
                0x02002440       0x74 d:/projects/devkitPro/libnds/lib\libnds9.a(fifosystem.o)
                0x02002440                fifoSetValue32Handler
 .text.fifoSendValue32
                0x020024b4       0x4c d:/projects/devkitPro/libnds/lib\libnds9.a(fifosystem.o)
                0x020024b4                fifoSendValue32
 .text.fifoGetDatamsg
                0x02002500      0x140 d:/projects/devkitPro/libnds/lib\libnds9.a(fifosystem.o)
                0x02002500                fifoGetDatamsg
 .text.fifoInternalRecvInterrupt
                0x02002640      0x3a0 d:/projects/devkitPro/libnds/lib\libnds9.a(fifosystem.o)
 .text.fifoSetDatamsgHandler
                0x020029e0       0x9c d:/projects/devkitPro/libnds/lib\libnds9.a(fifosystem.o)
                0x020029e0                fifoSetDatamsgHandler
 .text.fifoInit
                0x02002a7c      0x1cc d:/projects/devkitPro/libnds/lib\libnds9.a(fifosystem.o)
                0x02002a7c                fifoInit
 .text.systemErrorExit
                0x02002c48        0x4 d:/projects/devkitPro/libnds/lib\libnds9.a(libnds_exit.arm.o)
                0x02002c48                systemErrorExit
 *fill*         0x02002c4c        0x4 ff
 .text.__libnds_exit
                0x02002c50       0x5c d:/projects/devkitPro/libnds/lib\libnds9.a(libnds_exit.arm.o)
                0x02002c50                __libnds_exit
 .text.irqDummy
                0x02002cac        0x4 d:/projects/devkitPro/libnds/lib\libnds9.a(interrupts.o)
                0x02002cac                irqDummy
 .text.irqSet   0x02002cb0       0x6c d:/projects/devkitPro/libnds/lib\libnds9.a(interrupts.o)
                0x02002cb0                irqSet
 .text.irqInit  0x02002d1c       0x50 d:/projects/devkitPro/libnds/lib\libnds9.a(interrupts.o)
                0x02002d1c                irqInit
 .text.irqEnable
                0x02002d6c       0x64 d:/projects/devkitPro/libnds/lib\libnds9.a(interrupts.o)
                0x02002d6c                irqEnable
 .text.irqDisable
                0x02002dd0       0x64 d:/projects/devkitPro/libnds/lib\libnds9.a(interrupts.o)
                0x02002dd0                irqDisable
 .text.setCpuClock
                0x02002e34       0x50 d:/projects/devkitPro/libnds/lib\libnds9.a(cpu_clock.o)
                0x02002e34                setCpuClock
 .text.swiWaitForVBlank
                0x02002e84        0x8 d:/projects/devkitPro/libnds/lib\libnds9.a(IntrWait.o)
                0x02002e84                swiWaitForVBlank
 .text.swiIntrWait
                0x02002e8c       0x64 d:/projects/devkitPro/libnds/lib\libnds9.a(IntrWait.o)
                0x02002e8c                swiIntrWait
 .text.__libnds_mpu_setup
                0x02002ef0      0x174 d:/projects/devkitPro/libnds/lib\libnds9.a(mpu_setup.o)
                0x02002ef0                __libnds_mpu_setup
 .text.memUncached
                0x02003064       0x20 d:/projects/devkitPro/libnds/lib\libnds9.a(mpu_setup.o)
                0x02003064                memUncached
 .text.swiSoftReset
                0x02003084       0x2c d:/projects/devkitPro/libnds/lib\libnds9.a(swiSoftReset.o)
                0x02003084                swiSoftReset
 .text.swiDelay
                0x020030b0        0x4 d:/projects/devkitPro/libnds/lib\libnds9.a(biosCalls.o)
                0x020030b0                swiDelay
 .text.sinLerp  0x020030b4       0xa0 d:/projects/devkitPro/libnds/lib\libnds9.a(trig.o)
                0x020030b4                sinLerp
 .text.cosLerp  0x02003154       0x14 d:/projects/devkitPro/libnds/lib\libnds9.a(trig.o)
                0x02003154                cosLerp
 .text.vramDefault
                0x02003168       0xd0 d:/projects/devkitPro/libnds/lib\libnds9.a(video.o)
                0x02003168                vramDefault
 .text.__libnds_gtod
                0x02003238       0x24 d:/projects/devkitPro/libnds/lib\libnds9.a(timeSupport.o)
                0x02003238                __libnds_gtod
 .text.__libc_init_array
                0x0200325c       0x88 d:/projects/devkitpro/devkitarm/bin/../lib/gcc/arm-none-eabi/7.1.0/../../../../arm-none-eabi/lib\libg.a(lib_a-init.o)
                0x0200325c                __libc_init_array
 .text.iprintf  0x020032e4       0x38 d:/projects/devkitpro/devkitarm/bin/../lib/gcc/arm-none-eabi/7.1.0/../../../../arm-none-eabi/lib\libg.a(lib_a-iprintf.o)
                0x020032e4                iprintf
 .text.memcpy   0x0200331c      0x110 d:/projects/devkitpro/devkitarm/bin/../lib/gcc/arm-none-eabi/7.1.0/../../../../arm-none-eabi/lib\libg.a(lib_a-memcpy-stub.o)
                0x0200331c                memcpy
 .text.memset   0x0200342c      0x114 d:/projects/devkitpro/devkitarm/bin/../lib/gcc/arm-none-eabi/7.1.0/../../../../arm-none-eabi/lib\libg.a(lib_a-memset.o)
                0x0200342c                memset
 .text.setvbuf  0x02003540      0x26c d:/projects/devkitpro/devkitarm/bin/../lib/gcc/arm-none-eabi/7.1.0/../../../../arm-none-eabi/lib\libg.a(lib_a-setvbuf.o)
                0x02003540                setvbuf
 .text.siscanf  0x020037ac       0x74 d:/projects/devkitpro/devkitarm/bin/../lib/gcc/arm-none-eabi/7.1.0/../../../../arm-none-eabi/lib\libg.a(lib_a-siscanf.o)
                0x020037ac                siscanf
 .text.__sread  0x02003820       0x4c d:/projects/devkitpro/devkitarm/bin/../lib/gcc/arm-none-eabi/7.1.0/../../../../arm-none-eabi/lib\libg.a(lib_a-stdio.o)
                0x02003820                __sread
 .text.__seofread
                0x0200386c        0x8 d:/projects/devkitpro/devkitarm/bin/../lib/gcc/arm-none-eabi/7.1.0/../../../../arm-none-eabi/lib\libg.a(lib_a-stdio.o)
                0x0200386c                __seofread
 .text.__swrite
                0x02003874       0x68 d:/projects/devkitpro/devkitarm/bin/../lib/gcc/arm-none-eabi/7.1.0/../../../../arm-none-eabi/lib\libg.a(lib_a-stdio.o)
                0x02003874                __swrite
 .text.__sseek  0x020038dc       0x54 d:/projects/devkitpro/devkitarm/bin/../lib/gcc/arm-none-eabi/7.1.0/../../../../arm-none-eabi/lib\libg.a(lib_a-stdio.o)
                0x020038dc                __sseek
 .text.__sclose
                0x02003930       0x14 d:/projects/devkitpro/devkitarm/bin/../lib/gcc/arm-none-eabi/7.1.0/../../../../arm-none-eabi/lib\libg.a(lib_a-stdio.o)
                0x02003930                __sclose
 .text.strlen   0x02003944       0x60 d:/projects/devkitpro/devkitarm/bin/../lib/gcc/arm-none-eabi/7.1.0/../../../../arm-none-eabi/lib\libg.a(lib_a-strlen-stub.o)
                0x02003944                strlen
 .text._sungetc_r
                0x020039a4       0xe4 d:/projects/devkitpro/devkitarm/bin/../lib/gcc/arm-none-eabi/7.1.0/../../../../arm-none-eabi/lib\libg.a(lib_a-svfiscanf.o)
                0x020039a4                _sungetc_r
 .text.__ssrefill_r
                0x02003a88       0x6c d:/projects/devkitpro/devkitarm/bin/../lib/gcc/arm-none-eabi/7.1.0/../../../../arm-none-eabi/lib\libg.a(lib_a-svfiscanf.o)
                0x02003a88                __ssrefill_r
 .text._sfread_r
                0x02003af4       0xd0 d:/projects/devkitpro/devkitarm/bin/../lib/gcc/arm-none-eabi/7.1.0/../../../../arm-none-eabi/lib\libg.a(lib_a-svfiscanf.o)
                0x02003af4                _sfread_r
 .text.__ssvfiscanf_r
                0x02003bc4     0x1d94 d:/projects/devkitpro/devkitarm/bin/../lib/gcc/arm-none-eabi/7.1.0/../../../../arm-none-eabi/lib\libg.a(lib_a-svfiscanf.o)
                0x02003bc4                __ssvfiscanf_r
 .text.__submore
                0x02005958       0xb0 d:/projects/devkitpro/devkitarm/bin/../lib/gcc/arm-none-eabi/7.1.0/../../../../arm-none-eabi/lib\libg.a(lib_a-ungetc.o)
                0x02005958                __submore
 .text.get_arg  0x02005a08     0x75c4 d:/projects/devkitpro/devkitarm/bin/../lib/gcc/arm-none-eabi/7.1.0/../../../../arm-none-eabi/lib\libg.a(lib_a-vfiprintf.o)
 .text.__sprint_r.part.0
                0x0200cfcc       0x20 d:/projects/devkitpro/devkitarm/bin/../lib/gcc/arm-none-eabi/7.1.0/../../../../arm-none-eabi/lib\libg.a(lib_a-vfiprintf.o)
 .text._vfiprintf_r
                0x0200cfec     0x2d24 d:/projects/devkitpro/devkitarm/bin/../lib/gcc/arm-none-eabi/7.1.0/../../../../arm-none-eabi/lib\libg.a(lib_a-vfiprintf.o)
                0x0200cfec                _vfiprintf_r
 .text.__sbprintf
                0x0200fd10       0xd4 d:/projects/devkitpro/devkitarm/bin/../lib/gcc/arm-none-eabi/7.1.0/../../../../arm-none-eabi/lib\libg.a(lib_a-vfiprintf.o)
 .text._wcrtomb_r
                0x0200fde4       0xac d:/projects/devkitpro/devkitarm/bin/../lib/gcc/arm-none-eabi/7.1.0/../../../../arm-none-eabi/lib\libg.a(lib_a-wcrtomb.o)
                0x0200fde4                _wcrtomb_r
 .text._wcsrtombs_r
                0x0200fe90       0x24 d:/projects/devkitpro/devkitarm/bin/../lib/gcc/arm-none-eabi/7.1.0/../../../../arm-none-eabi/lib\libg.a(lib_a-wcsrtombs.o)
                0x0200fe90                _wcsrtombs_r
 .text.__swsetup_r
                0x0200feb4      0x14c d:/projects/devkitpro/devkitarm/bin/../lib/gcc/arm-none-eabi/7.1.0/../../../../arm-none-eabi/lib\libg.a(lib_a-wsetup.o)
                0x0200feb4                __swsetup_r
 .text.__sflush_r
                0x02010000      0x284 d:/projects/devkitpro/devkitarm/bin/../lib/gcc/arm-none-eabi/7.1.0/../../../../arm-none-eabi/lib\libg.a(lib_a-fflush.o)
                0x02010000                __sflush_r
 .text._fflush_r
                0x02010284       0x9c d:/projects/devkitpro/devkitarm/bin/../lib/gcc/arm-none-eabi/7.1.0/../../../../arm-none-eabi/lib\libg.a(lib_a-fflush.o)
                0x02010284                _fflush_r
 .text._cleanup_r
                0x02010320       0x18 d:/projects/devkitpro/devkitarm/bin/../lib/gcc/arm-none-eabi/7.1.0/../../../../arm-none-eabi/lib\libg.a(lib_a-findfp.o)
                0x02010320                _cleanup_r
 .text.std.isra.0
                0x02010338       0x84 d:/projects/devkitpro/devkitarm/bin/../lib/gcc/arm-none-eabi/7.1.0/../../../../arm-none-eabi/lib\libg.a(lib_a-findfp.o)
 .text.__sinit  0x020103bc       0x94 d:/projects/devkitpro/devkitarm/bin/../lib/gcc/arm-none-eabi/7.1.0/../../../../arm-none-eabi/lib\libg.a(lib_a-findfp.o)
                0x020103bc                __sinit
 .text.__sfp_lock_acquire
                0x02010450       0x18 d:/projects/devkitpro/devkitarm/bin/../lib/gcc/arm-none-eabi/7.1.0/../../../../arm-none-eabi/lib\libg.a(lib_a-findfp.o)
                0x02010450                __sfp_lock_acquire
 .text.__sfp_lock_release
                0x02010468       0x18 d:/projects/devkitpro/devkitarm/bin/../lib/gcc/arm-none-eabi/7.1.0/../../../../arm-none-eabi/lib\libg.a(lib_a-findfp.o)
                0x02010468                __sfp_lock_release
 .text._malloc_trim_r
                0x02010480      0x100 d:/projects/devkitpro/devkitarm/bin/../lib/gcc/arm-none-eabi/7.1.0/../../../../arm-none-eabi/lib\libg.a(lib_a-freer.o)
                0x02010480                _malloc_trim_r
 .text._free_r  0x02010580      0x2dc d:/projects/devkitpro/devkitarm/bin/../lib/gcc/arm-none-eabi/7.1.0/../../../../arm-none-eabi/lib\libg.a(lib_a-freer.o)
                0x02010580                _free_r
 .text.__sfvwrite_r
                0x0201085c      0x4c0 d:/projects/devkitpro/devkitarm/bin/../lib/gcc/arm-none-eabi/7.1.0/../../../../arm-none-eabi/lib\libg.a(lib_a-fvwrite.o)
                0x0201085c                __sfvwrite_r
 .text._fwalk_reent
                0x02010d1c       0x80 d:/projects/devkitpro/devkitarm/bin/../lib/gcc/arm-none-eabi/7.1.0/../../../../arm-none-eabi/lib\libg.a(lib_a-fwalk.o)
                0x02010d1c                _fwalk_reent
 .text.iswspace
                0x02010d9c       0x78 d:/projects/devkitpro/devkitarm/bin/../lib/gcc/arm-none-eabi/7.1.0/../../../../arm-none-eabi/lib\libg.a(lib_a-iswspace.o)
                0x02010d9c                iswspace
 .text.__jp2uc  0x02010e14      0x1f0 d:/projects/devkitpro/devkitarm/bin/../lib/gcc/arm-none-eabi/7.1.0/../../../../arm-none-eabi/lib\libg.a(lib_a-jp2uc.o)
 .text._jp2uc   0x02011004       0xc0 d:/projects/devkitpro/devkitarm/bin/../lib/gcc/arm-none-eabi/7.1.0/../../../../arm-none-eabi/lib\libg.a(lib_a-jp2uc.o)
                0x02011004                _jp2uc
 .text._localeconv_r
                0x020110c4       0x28 d:/projects/devkitpro/devkitarm/bin/../lib/gcc/arm-none-eabi/7.1.0/../../../../arm-none-eabi/lib\libg.a(lib_a-localeconv.o)
                0x020110c4                _localeconv_r
 .text.__locale_mb_cur_max
                0x020110ec       0x28 d:/projects/devkitpro/devkitarm/bin/../lib/gcc/arm-none-eabi/7.1.0/../../../../arm-none-eabi/lib\libg.a(lib_a-locale.o)
                0x020110ec                __locale_mb_cur_max
 .text.__locale_ctype_ptr_l
                0x02011114        0x8 d:/projects/devkitpro/devkitarm/bin/../lib/gcc/arm-none-eabi/7.1.0/../../../../arm-none-eabi/lib\libg.a(lib_a-locale.o)
                0x02011114                __locale_ctype_ptr_l
 .text.__locale_ctype_ptr
                0x0201111c       0x28 d:/projects/devkitpro/devkitarm/bin/../lib/gcc/arm-none-eabi/7.1.0/../../../../arm-none-eabi/lib\libg.a(lib_a-locale.o)
                0x0201111c                __locale_ctype_ptr
 .text.__swhatbuf_r
                0x02011144       0xa0 d:/projects/devkitpro/devkitarm/bin/../lib/gcc/arm-none-eabi/7.1.0/../../../../arm-none-eabi/lib\libg.a(lib_a-makebuf.o)
                0x02011144                __swhatbuf_r
 .text.__smakebuf_r
                0x020111e4      0x100 d:/projects/devkitpro/devkitarm/bin/../lib/gcc/arm-none-eabi/7.1.0/../../../../arm-none-eabi/lib\libg.a(lib_a-makebuf.o)
                0x020111e4                __smakebuf_r
 .text.malloc   0x020112e4       0x1c d:/projects/devkitpro/devkitarm/bin/../lib/gcc/arm-none-eabi/7.1.0/../../../../arm-none-eabi/lib\libg.a(lib_a-malloc.o)
                0x020112e4                malloc
 .text.free     0x02011300       0x1c d:/projects/devkitpro/devkitarm/bin/../lib/gcc/arm-none-eabi/7.1.0/../../../../arm-none-eabi/lib\libg.a(lib_a-malloc.o)
                0x02011300                free
 .text._malloc_r
                0x0201131c      0x7ac d:/projects/devkitpro/devkitarm/bin/../lib/gcc/arm-none-eabi/7.1.0/../../../../arm-none-eabi/lib\libg.a(lib_a-mallocr.o)
                0x0201131c                _malloc_r
 .text._mbrtowc_r
                0x02011ac8       0xc0 d:/projects/devkitpro/devkitarm/bin/../lib/gcc/arm-none-eabi/7.1.0/../../../../arm-none-eabi/lib\libg.a(lib_a-mbrtowc.o)
                0x02011ac8                _mbrtowc_r
 .text.__utf8_mbtowc
                0x02011b88      0x308 d:/projects/devkitpro/devkitarm/bin/../lib/gcc/arm-none-eabi/7.1.0/../../../../arm-none-eabi/lib\libg.a(lib_a-mbtowc_r.o)
                0x02011b88                __utf8_mbtowc
 .text.memchr   0x02011e90      0x110 d:/projects/devkitpro/devkitarm/bin/../lib/gcc/arm-none-eabi/7.1.0/../../../../arm-none-eabi/lib\libg.a(lib_a-memchr-stub.o)
                0x02011e90                memchr
 .text.memmove  0x02011fa0      0x140 d:/projects/devkitpro/devkitarm/bin/../lib/gcc/arm-none-eabi/7.1.0/../../../../arm-none-eabi/lib\libg.a(lib_a-memmove.o)
                0x02011fa0                memmove
 .text.__malloc_lock
                0x020120e0       0x18 d:/projects/devkitpro/devkitarm/bin/../lib/gcc/arm-none-eabi/7.1.0/../../../../arm-none-eabi/lib\libg.a(lib_a-mlock.o)
                0x020120e0                __malloc_lock
 .text.__malloc_unlock
                0x020120f8       0x18 d:/projects/devkitpro/devkitarm/bin/../lib/gcc/arm-none-eabi/7.1.0/../../../../arm-none-eabi/lib\libg.a(lib_a-mlock.o)
                0x020120f8                __malloc_unlock
 .text._realloc_r
                0x02012110      0x4f0 d:/projects/devkitpro/devkitarm/bin/../lib/gcc/arm-none-eabi/7.1.0/../../../../arm-none-eabi/lib\libg.a(lib_a-reallocr.o)
                0x02012110                _realloc_r
 .text.__sccl   0x02012600       0xcc d:/projects/devkitpro/devkitarm/bin/../lib/gcc/arm-none-eabi/7.1.0/../../../../arm-none-eabi/lib\libg.a(lib_a-sccl.o)
                0x02012600                __sccl
 .text.strncpy  0x020126cc       0xe0 d:/projects/devkitpro/devkitarm/bin/../lib/gcc/arm-none-eabi/7.1.0/../../../../arm-none-eabi/lib\libg.a(lib_a-strncpy.o)
                0x020126cc                strncpy
 .text._strtoll_l.isra.0
                0x020127ac      0x298 d:/projects/devkitpro/devkitarm/bin/../lib/gcc/arm-none-eabi/7.1.0/../../../../arm-none-eabi/lib\libg.a(lib_a-strtoll.o)
 .text._strtoll_r
                0x02012a44       0x54 d:/projects/devkitpro/devkitarm/bin/../lib/gcc/arm-none-eabi/7.1.0/../../../../arm-none-eabi/lib\libg.a(lib_a-strtoll.o)
                0x02012a44                _strtoll_r
 .text._strtol_l.isra.0
                0x02012a98      0x1c0 d:/projects/devkitpro/devkitarm/bin/../lib/gcc/arm-none-eabi/7.1.0/../../../../arm-none-eabi/lib\libg.a(lib_a-strtol.o)
 .text._strtol_r
                0x02012c58       0x54 d:/projects/devkitpro/devkitarm/bin/../lib/gcc/arm-none-eabi/7.1.0/../../../../arm-none-eabi/lib\libg.a(lib_a-strtol.o)
                0x02012c58                _strtol_r
 *fill*         0x02012cac        0x4 ff
 .text._strtoull_l.isra.0
                0x02012cb0      0x280 d:/projects/devkitpro/devkitarm/bin/../lib/gcc/arm-none-eabi/7.1.0/../../../../arm-none-eabi/lib\libg.a(lib_a-strtoull.o)
 .text._strtoull_r
                0x02012f30       0x54 d:/projects/devkitpro/devkitarm/bin/../lib/gcc/arm-none-eabi/7.1.0/../../../../arm-none-eabi/lib\libg.a(lib_a-strtoull.o)
                0x02012f30                _strtoull_r
 .text._strtoul_l.isra.0
                0x02012f84      0x1d0 d:/projects/devkitpro/devkitarm/bin/../lib/gcc/arm-none-eabi/7.1.0/../../../../arm-none-eabi/lib\libg.a(lib_a-strtoul.o)
 .text._strtoul_r
                0x02013154       0x54 d:/projects/devkitpro/devkitarm/bin/../lib/gcc/arm-none-eabi/7.1.0/../../../../arm-none-eabi/lib\libg.a(lib_a-strtoul.o)
                0x02013154                _strtoul_r
 .text._wcsnrtombs_l
                0x020131a8      0x17c d:/projects/devkitpro/devkitarm/bin/../lib/gcc/arm-none-eabi/7.1.0/../../../../arm-none-eabi/lib\libg.a(lib_a-wcsnrtombs.o)
                0x020131a8                _wcsnrtombs_l
 .text._wcsnrtombs_r
                0x02013324       0x68 d:/projects/devkitpro/devkitarm/bin/../lib/gcc/arm-none-eabi/7.1.0/../../../../arm-none-eabi/lib\libg.a(lib_a-wcsnrtombs.o)
                0x02013324                _wcsnrtombs_r
 .text.__utf8_wctomb
                0x0201338c       0xec d:/projects/devkitpro/devkitarm/bin/../lib/gcc/arm-none-eabi/7.1.0/../../../../arm-none-eabi/lib\libg.a(lib_a-wctomb_r.o)
                0x0201338c                __utf8_wctomb
 .text._fclose_r
                0x02013478      0x170 d:/projects/devkitpro/devkitarm/bin/../lib/gcc/arm-none-eabi/7.1.0/../../../../arm-none-eabi/lib\libg.a(lib_a-fclose.o)
                0x02013478                _fclose_r
 .text.null_write
                0x020135e8        0x8 d:/projects/devkitpro/devkitarm/bin/../lib/gcc/arm-none-eabi/7.1.0/../../../../arm-none-eabi/lib\libsysbase.a(iosupport.o)
 .text._close_r
                0x020135f0       0x90 d:/projects/devkitpro/devkitarm/bin/../lib/gcc/arm-none-eabi/7.1.0/../../../../arm-none-eabi/lib\libsysbase.a(close.o)
                0x020135f0                _close_r
 .text._fstat_r
                0x02013680       0x78 d:/projects/devkitpro/devkitarm/bin/../lib/gcc/arm-none-eabi/7.1.0/../../../../arm-none-eabi/lib\libsysbase.a(fstat.o)
                0x02013680                _fstat_r
 .text._isatty_r
                0x020136f8        0x8 d:/projects/devkitpro/devkitarm/bin/../lib/gcc/arm-none-eabi/7.1.0/../../../../arm-none-eabi/lib\libsysbase.a(isatty.o)
                0x020136f8                _isatty_r
 .text._lseek_r
                0x02013700       0x88 d:/projects/devkitpro/devkitarm/bin/../lib/gcc/arm-none-eabi/7.1.0/../../../../arm-none-eabi/lib\libsysbase.a(lseek.o)
                0x02013700                _lseek_r
 .text._read_r  0x02013788       0x84 d:/projects/devkitpro/devkitarm/bin/../lib/gcc/arm-none-eabi/7.1.0/../../../../arm-none-eabi/lib\libsysbase.a(read.o)
                0x02013788                _read_r
 .text._sbrk_r  0x0201380c       0x74 d:/projects/devkitpro/devkitarm/bin/../lib/gcc/arm-none-eabi/7.1.0/../../../../arm-none-eabi/lib\libsysbase.a(sbrk.o)
                0x0201380c                _sbrk_r
 .text._write_r
                0x02013880       0x84 d:/projects/devkitpro/devkitarm/bin/../lib/gcc/arm-none-eabi/7.1.0/../../../../arm-none-eabi/lib\libsysbase.a(write.o)
                0x02013880                _write_r
 .text.build_argv
                0x02013904       0x80 d:/projects/devkitpro/devkitarm/bin/../lib/gcc/arm-none-eabi/7.1.0/../../../../arm-none-eabi/lib\libsysbase.a(build_argv.o)
                0x02013904                build_argv
 .text.__flockfile
                0x02013984       0x14 d:/projects/devkitpro/devkitarm/bin/../lib/gcc/arm-none-eabi/7.1.0/../../../../arm-none-eabi/lib\libsysbase.a(flock.o)
                0x02013984                __flockfile
 .text.__funlockfile
                0x02013998       0x14 d:/projects/devkitpro/devkitarm/bin/../lib/gcc/arm-none-eabi/7.1.0/../../../../arm-none-eabi/lib\libsysbase.a(flock.o)
                0x02013998                __funlockfile
 .text.__libc_lock_acquire
                0x020139ac       0x18 d:/projects/devkitpro/devkitarm/bin/../lib/gcc/arm-none-eabi/7.1.0/../../../../arm-none-eabi/lib\libsysbase.a(syscall_support.o)
                0x020139ac                __libc_lock_acquire
 .text.__libc_lock_release
                0x020139c4       0x18 d:/projects/devkitpro/devkitarm/bin/../lib/gcc/arm-none-eabi/7.1.0/../../../../arm-none-eabi/lib\libsysbase.a(syscall_support.o)
                0x020139c4                __libc_lock_release
 .text.__libc_lock_init_recursive
                0x020139dc       0x18 d:/projects/devkitpro/devkitarm/bin/../lib/gcc/arm-none-eabi/7.1.0/../../../../arm-none-eabi/lib\libsysbase.a(syscall_support.o)
                0x020139dc                __libc_lock_init_recursive
 .text.__libc_lock_acquire_recursive
                0x020139f4       0x18 d:/projects/devkitpro/devkitarm/bin/../lib/gcc/arm-none-eabi/7.1.0/../../../../arm-none-eabi/lib\libsysbase.a(syscall_support.o)
                0x020139f4                __libc_lock_acquire_recursive
 .text.__libc_lock_release_recursive
                0x02013a0c       0x18 d:/projects/devkitpro/devkitarm/bin/../lib/gcc/arm-none-eabi/7.1.0/../../../../arm-none-eabi/lib\libsysbase.a(syscall_support.o)
                0x02013a0c                __libc_lock_release_recursive
 .text.__libc_lock_close_recursive
                0x02013a24       0x18 d:/projects/devkitpro/devkitarm/bin/../lib/gcc/arm-none-eabi/7.1.0/../../../../arm-none-eabi/lib\libsysbase.a(syscall_support.o)
                0x02013a24                __libc_lock_close_recursive
 .text.__release_handle
                0x02013a3c       0x90 d:/projects/devkitpro/devkitarm/bin/../lib/gcc/arm-none-eabi/7.1.0/../../../../arm-none-eabi/lib\libsysbase.a(handle_manager.o)
                0x02013a3c                __release_handle
 .text.__get_handle
                0x02013acc       0x18 d:/projects/devkitpro/devkitarm/bin/../lib/gcc/arm-none-eabi/7.1.0/../../../../arm-none-eabi/lib\libsysbase.a(handle_manager.o)
                0x02013acc                __get_handle
 .text.__getreent
                0x02013ae4       0x24 d:/projects/devkitpro/devkitarm/bin/../lib/gcc/arm-none-eabi/7.1.0/../../../../arm-none-eabi/lib\libsysbase.a(getreent.o)
                0x02013ae4                __getreent
 .text.__udivmoddi4
                0x02013b08      0x16c d:/projects/devkitpro/devkitarm/bin/../lib/gcc/arm-none-eabi/7.1.0\libgcc.a(_udivmoddi4.o)
                0x02013b08                __udivmoddi4
 *fill*         0x02013c74        0x4 ff
 .text.__udivmoddi4.__stub
                0x02013c78       0x8c linker stubs
 *(EXCLUDE_FILE(*.twl*) .gnu.warning)
 *(EXCLUDE_FILE(*.twl*) .gnu.linkonce.t*)
 *(.glue_7)
 .glue_7        0x02013d18        0x0 linker stubs
 *(.glue_7t)
 .glue_7t       0x02013d18        0x0 linker stubs
                0x02013d18                . = ALIGN (0x4)

.vfp11_veneer   0x02013d18        0x0
 .vfp11_veneer  0x02013d18        0x0 linker stubs

.v4_bx          0x02013d18        0x0
 .v4_bx         0x02013d18        0x0 linker stubs

.iplt           0x02013d18        0x0
 .iplt          0x02013d18        0x0 d:/projects/devkitpro/devkitarm/bin/../lib/gcc/arm-none-eabi/7.1.0/../../../../arm-none-eabi/lib/ds_arm9_crt0.o

.fini           0x02013d18       0x18
 *(.fini)
 .fini          0x02013d18        0xc d:/projects/devkitpro/devkitarm/bin/../lib/gcc/arm-none-eabi/7.1.0/crti.o
                0x02013d18                _fini
 .fini          0x02013d24        0xc d:/projects/devkitpro/devkitarm/bin/../lib/gcc/arm-none-eabi/7.1.0/crtn.o
                0x02013d30                __text_end = .

.rodata         0x02013d30    0x1dbc8
 *(EXCLUDE_FILE(*.twl*) .rodata)
 .rodata        0x02013d30    0x18000 backgroundBoard.o
                0x02013d30                backgroundBoardBitmap
 .rodata        0x0202bd30     0x2004 d:/projects/devkitPro/libnds/lib\libnds9.a(default_font.bin.o)
                0x0202bd30                default_font_bin
                0x0202dd30                default_font_bin_size
                0x0202dd30                default_font_bin_end
 *all.rodata*(*)
 *(EXCLUDE_FILE(*.twl*) .roda)
 *(EXCLUDE_FILE(*.twl*) .rodata.*)
 .rodata.str1.4
                0x0202dd34       0x54 game.o
 .rodata.con_write
                0x0202dd88       0xd4 d:/projects/devkitPro/libnds/lib\libnds9.a(console.o)
 .rodata.con_write.str1.4
                0x0202de5c       0x30 d:/projects/devkitPro/libnds/lib\libnds9.a(console.o)
 .rodata.dotab_stdout
                0x0202de8c       0x68 d:/projects/devkitPro/libnds/lib\libnds9.a(console.o)
 .rodata.str1.4
                0x0202def4       0x14 d:/projects/devkitPro/libnds/lib\libnds9.a(console.o)
 .rodata.SIN_LUT
                0x0202df08      0x102 d:/projects/devkitPro/libnds/lib\libnds9.a(trig.o)
                0x0202df08                SIN_LUT
 *fill*         0x0202e00a        0x2 ff
 .rodata.basefix.6821
                0x0202e00c       0x22 d:/projects/devkitpro/devkitarm/bin/../lib/gcc/arm-none-eabi/7.1.0/../../../../arm-none-eabi/lib\libg.a(lib_a-svfiscanf.o)
 *fill*         0x0202e02e        0x2 ff
 .rodata._vfiprintf_r.str1.4
                0x0202e030       0x2f d:/projects/devkitpro/devkitarm/bin/../lib/gcc/arm-none-eabi/7.1.0/../../../../arm-none-eabi/lib\libg.a(lib_a-vfiprintf.o)
 *fill*         0x0202e05f        0x1 ff
 .rodata.blanks.7270
                0x0202e060       0x10 d:/projects/devkitpro/devkitarm/bin/../lib/gcc/arm-none-eabi/7.1.0/../../../../arm-none-eabi/lib\libg.a(lib_a-vfiprintf.o)
 .rodata.zeroes.7271
                0x0202e070       0x10 d:/projects/devkitpro/devkitarm/bin/../lib/gcc/arm-none-eabi/7.1.0/../../../../arm-none-eabi/lib\libg.a(lib_a-vfiprintf.o)
 .rodata._jp2uc.str1.4
                0x0202e080       0x12 d:/projects/devkitpro/devkitarm/bin/../lib/gcc/arm-none-eabi/7.1.0/../../../../arm-none-eabi/lib\libg.a(lib_a-jp2uc.o)
 *fill*         0x0202e092        0x2 ff
 .rodata.a1     0x0202e094       0xbc d:/projects/devkitpro/devkitarm/bin/../lib/gcc/arm-none-eabi/7.1.0/../../../../arm-none-eabi/lib\libg.a(lib_a-jp2uc.o)
 .rodata.a2     0x0202e150       0xbc d:/projects/devkitpro/devkitarm/bin/../lib/gcc/arm-none-eabi/7.1.0/../../../../arm-none-eabi/lib\libg.a(lib_a-jp2uc.o)
 .rodata.a3     0x0202e20c       0x5b d:/projects/devkitpro/devkitarm/bin/../lib/gcc/arm-none-eabi/7.1.0/../../../../arm-none-eabi/lib\libg.a(lib_a-jp2uc.o)
 *fill*         0x0202e267        0x1 ff
 .rodata.a6     0x0202e268       0x70 d:/projects/devkitpro/devkitarm/bin/../lib/gcc/arm-none-eabi/7.1.0/../../../../arm-none-eabi/lib\libg.a(lib_a-jp2uc.o)
 .rodata.a7     0x0202e2d8       0xa2 d:/projects/devkitpro/devkitarm/bin/../lib/gcc/arm-none-eabi/7.1.0/../../../../arm-none-eabi/lib\libg.a(lib_a-jp2uc.o)
 *fill*         0x0202e37a        0x2 ff
 .rodata.a8     0x0202e37c       0x40 d:/projects/devkitpro/devkitarm/bin/../lib/gcc/arm-none-eabi/7.1.0/../../../../arm-none-eabi/lib\libg.a(lib_a-jp2uc.o)
 .rodata.b02cf  0x0202e3bc     0x172a d:/projects/devkitpro/devkitarm/bin/../lib/gcc/arm-none-eabi/7.1.0/../../../../arm-none-eabi/lib\libg.a(lib_a-jp2uc.o)
 *fill*         0x0202fae6        0x2 ff
 .rodata.d02f4  0x0202fae8     0x1a7c d:/projects/devkitpro/devkitarm/bin/../lib/gcc/arm-none-eabi/7.1.0/../../../../arm-none-eabi/lib\libg.a(lib_a-jp2uc.o)
 .rodata.str1.4
                0x02031564       0x48 d:/projects/devkitpro/devkitarm/bin/../lib/gcc/arm-none-eabi/7.1.0/../../../../arm-none-eabi/lib\libg.a(lib_a-locale.o)
                                 0x4c (size before relaxing)
 .rodata._mbrtowc_r.str1.4
                0x020315ac        0x1 d:/projects/devkitpro/devkitarm/bin/../lib/gcc/arm-none-eabi/7.1.0/../../../../arm-none-eabi/lib\libg.a(lib_a-mbrtowc.o)
 .rodata.__action_table
                0x020315ac       0x6c d:/projects/devkitpro/devkitarm/bin/../lib/gcc/arm-none-eabi/7.1.0/../../../../arm-none-eabi/lib\libg.a(lib_a-svfiprintf.o)
                0x020315ac                __action_table
 .rodata.__chclass
                0x02031618      0x100 d:/projects/devkitpro/devkitarm/bin/../lib/gcc/arm-none-eabi/7.1.0/../../../../arm-none-eabi/lib\libg.a(lib_a-svfiprintf.o)
                0x02031618                __chclass
 .rodata.__state_table
                0x02031718       0x6c d:/projects/devkitpro/devkitarm/bin/../lib/gcc/arm-none-eabi/7.1.0/../../../../arm-none-eabi/lib\libg.a(lib_a-svfiprintf.o)
                0x02031718                __state_table
 .rodata._ctype_
                0x02031784      0x101 d:/projects/devkitpro/devkitarm/bin/../lib/gcc/arm-none-eabi/7.1.0/../../../../arm-none-eabi/lib\libg.a(lib_a-ctype_.o)
                0x02031784                _ctype_
 *fill*         0x02031885        0x3 ff
 .rodata.AddDevice.str1.4
                0x02031888        0x8 d:/projects/devkitpro/devkitarm/bin/../lib/gcc/arm-none-eabi/7.1.0/../../../../arm-none-eabi/lib\libsysbase.a(iosupport.o)
 .rodata.dotab_stdnull
                0x02031890       0x68 d:/projects/devkitpro/devkitarm/bin/../lib/gcc/arm-none-eabi/7.1.0/../../../../arm-none-eabi/lib\libsysbase.a(iosupport.o)
                0x02031890                dotab_stdnull
 *(EXCLUDE_FILE(*.twl*) .gnu.linkonce.r*)
                0x020318f8                . = ALIGN (0x4)

.ARM.extab
 *(.ARM.extab* .gnu.linkonce.armextab.*)
                0x020318f8                __exidx_start = .

ARM.exidx
 *(.ARM.exidx* .gnu.linkonce.armexidx.*)
                0x020318f8                __exidx_end = .
                0x020318f8                . = ALIGN (0x4)
                0x020318f8                PROVIDE (__preinit_array_start, .)

.preinit_array
 *(.preinit_array)
                0x020318f8                PROVIDE (__preinit_array_end, .)
                0x020318f8                PROVIDE (__init_array_start, .)

.init_array     0x020318f8        0x4
 *(SORT(.init_array.*))
 *(.init_array)
 .init_array    0x020318f8        0x4 d:/projects/devkitpro/devkitarm/bin/../lib/gcc/arm-none-eabi/7.1.0/crtbegin.o
                0x020318fc                PROVIDE (__init_array_end, .)
                [!provide]                PROVIDE (__fini_array_start, .)

.fini_array     0x020318fc        0x4
 *(.fini_array)
 .fini_array    0x020318fc        0x4 d:/projects/devkitpro/devkitarm/bin/../lib/gcc/arm-none-eabi/7.1.0/crtbegin.o
 *(SORT(.fini_array.*))
                [!provide]                PROVIDE (__fini_array_end, .)

.ctors          0x02031900        0x0
 *crtbegin.o(.ctors)
 *(EXCLUDE_FILE(*crtend.o) .ctors)
 *(SORT(.ctors.*))
 *(.ctors)
                0x02031900                . = ALIGN (0x4)

.dtors          0x02031900        0x0
 *crtbegin.o(.dtors)
 *(EXCLUDE_FILE(*crtend.o) .dtors)
 *(SORT(.dtors.*))
 *(.dtors)
                0x02031900                . = ALIGN (0x4)

.eh_frame       0x02031900        0x4
 *(.eh_frame)
 .eh_frame      0x02031900        0x0 d:/projects/devkitpro/devkitarm/bin/../lib/gcc/arm-none-eabi/7.1.0/crtbegin.o
 .eh_frame      0x02031900        0x4 d:/projects/devkitpro/devkitarm/bin/../lib/gcc/arm-none-eabi/7.1.0/crtend.o
                0x02031904                . = ALIGN (0x4)

.rel.dyn        0x02031904        0x0
 .rel.iplt      0x02031904        0x0 d:/projects/devkitpro/devkitarm/bin/../lib/gcc/arm-none-eabi/7.1.0/../../../../arm-none-eabi/lib/ds_arm9_crt0.o

.gcc_except_table
                0x02031904        0x0
 *(.gcc_except_table)
                0x02031904                . = ALIGN (0x4)

.jcr
 *(.jcr)

.got
 *(.got.plt)
 *(.got)
 *(.rel.got)

.ewram          0x02031904        0x0
                0x02031904                __ewram_start = ABSOLUTE (.)
 *(.ewram)
 *ewram.*(.text)
                0x02031904                . = ALIGN (0x4)

.data           0x02031904     0x1b6c
                0x02031904                __data_start = ABSOLUTE (.)
 *(EXCLUDE_FILE(*.twl*) .data)
 .data          0x02031904       0x28 d:/projects/devkitPro/libnds/lib\libnds9.a(mpu_setup.o)
 *(EXCLUDE_FILE(*.twl*) .data.*)
 .data.count    0x0203192c        0x1 d:/projects/devkitPro/libnds/lib\libnds9.a(keys.o)
 .data.delay    0x0203192d        0x1 d:/projects/devkitPro/libnds/lib\libnds9.a(keys.o)
 .data.repeat   0x0203192e        0x1 d:/projects/devkitPro/libnds/lib\libnds9.a(keys.o)
 *fill*         0x0203192f        0x1 ff
 .data.currentConsole
                0x02031930        0x4 d:/projects/devkitPro/libnds/lib\libnds9.a(console.o)
                0x02031930                currentConsole
 .data.defaultConsole
                0x02031934       0x5c d:/projects/devkitPro/libnds/lib\libnds9.a(console.o)
                0x02031934                defaultConsole
 .data.firstConsoleInit.6490
                0x02031990        0x1 d:/projects/devkitPro/libnds/lib\libnds9.a(console.o)
 *fill*         0x02031991        0x3 ff
 .data.bgControl
                0x02031994       0x20 d:/projects/devkitPro/libnds/lib\libnds9.a(background.o)
                0x02031994                bgControl
 .data.bgScrollTable
                0x020319b4       0x20 d:/projects/devkitPro/libnds/lib\libnds9.a(background.o)
                0x020319b4                bgScrollTable
 .data.bgTransform
                0x020319d4       0x20 d:/projects/devkitPro/libnds/lib\libnds9.a(background.o)
                0x020319d4                bgTransform
 .data.fifo_buffer_free
                0x020319f4        0x4 d:/projects/devkitPro/libnds/lib\libnds9.a(fifosystem.o)
                0x020319f4                fifo_buffer_free
 .data.fifo_freewords
                0x020319f8        0x4 d:/projects/devkitPro/libnds/lib\libnds9.a(fifosystem.o)
                0x020319f8                fifo_freewords
 .data.fifo_receive_queue
                0x020319fc        0x4 d:/projects/devkitPro/libnds/lib\libnds9.a(fifosystem.o)
                0x020319fc                fifo_receive_queue
 .data.fifo_send_queue
                0x02031a00        0x4 d:/projects/devkitPro/libnds/lib\libnds9.a(fifosystem.o)
                0x02031a00                fifo_send_queue
 .data.__sfp_lock
                0x02031a04        0xc d:/projects/devkitpro/devkitarm/bin/../lib/gcc/arm-none-eabi/7.1.0/../../../../arm-none-eabi/lib\libg.a(lib_a-findfp.o)
 .data.__sinit_lock
                0x02031a10        0xc d:/projects/devkitpro/devkitarm/bin/../lib/gcc/arm-none-eabi/7.1.0/../../../../arm-none-eabi/lib\libg.a(lib_a-findfp.o)
 .data._impure_ptr
                0x02031a1c        0x4 d:/projects/devkitpro/devkitarm/bin/../lib/gcc/arm-none-eabi/7.1.0/../../../../arm-none-eabi/lib\libg.a(lib_a-impure.o)
                0x02031a1c                _impure_ptr
 *fill*         0x02031a20        0x0 ff
 .data.impure_data
                0x02031a20      0x460 d:/projects/devkitpro/devkitarm/bin/../lib/gcc/arm-none-eabi/7.1.0/../../../../arm-none-eabi/lib\libg.a(lib_a-impure.o)
 .data.__global_locale
                0x02031e80      0x16c d:/projects/devkitpro/devkitarm/bin/../lib/gcc/arm-none-eabi/7.1.0/../../../../arm-none-eabi/lib\libg.a(lib_a-locale.o)
                0x02031e80                __global_locale
 .data.__malloc_av_
                0x02031fec      0x408 d:/projects/devkitpro/devkitarm/bin/../lib/gcc/arm-none-eabi/7.1.0/../../../../arm-none-eabi/lib\libg.a(lib_a-mallocr.o)
                0x02031fec                __malloc_av_
 .data.__malloc_sbrk_base
                0x020323f4        0x4 d:/projects/devkitpro/devkitarm/bin/../lib/gcc/arm-none-eabi/7.1.0/../../../../arm-none-eabi/lib\libg.a(lib_a-mallocr.o)
                0x020323f4                __malloc_sbrk_base
 .data.__malloc_trim_threshold
                0x020323f8        0x4 d:/projects/devkitpro/devkitarm/bin/../lib/gcc/arm-none-eabi/7.1.0/../../../../arm-none-eabi/lib\libg.a(lib_a-mallocr.o)
                0x020323f8                __malloc_trim_threshold
 .data.__malloc_lock_object
                0x020323fc        0xc d:/projects/devkitpro/devkitarm/bin/../lib/gcc/arm-none-eabi/7.1.0/../../../../arm-none-eabi/lib\libg.a(lib_a-mlock.o)
 .data.devoptab_list
                0x02032408       0x40 d:/projects/devkitpro/devkitarm/bin/../lib/gcc/arm-none-eabi/7.1.0/../../../../arm-none-eabi/lib\libsysbase.a(iosupport.o)
                0x02032408                devoptab_list
 .data.__hndl_lock
                0x02032448        0x4 d:/projects/devkitpro/devkitarm/bin/../lib/gcc/arm-none-eabi/7.1.0/../../../../arm-none-eabi/lib\libsysbase.a(handle_manager.o)
 .data.__stderr_handle
                0x0203244c        0xc d:/projects/devkitpro/devkitarm/bin/../lib/gcc/arm-none-eabi/7.1.0/../../../../arm-none-eabi/lib\libsysbase.a(handle_manager.o)
 .data.__stdin_handle
                0x02032458        0xc d:/projects/devkitpro/devkitarm/bin/../lib/gcc/arm-none-eabi/7.1.0/../../../../arm-none-eabi/lib\libsysbase.a(handle_manager.o)
 .data.__stdout_handle
                0x02032464        0xc d:/projects/devkitpro/devkitarm/bin/../lib/gcc/arm-none-eabi/7.1.0/../../../../arm-none-eabi/lib\libsysbase.a(handle_manager.o)
 .data.handles  0x02032470     0x1000 d:/projects/devkitpro/devkitarm/bin/../lib/gcc/arm-none-eabi/7.1.0/../../../../arm-none-eabi/lib\libsysbase.a(handle_manager.o)
 *(EXCLUDE_FILE(*.twl*) .gnu.linkonce.d*)
                0x02033470                . = ALIGN (0x4)
                0x02033470                __data_end = ABSOLUTE (.)
                0x02033470                __bss_vma = .

.igot.plt       0x02033470        0x0
 .igot.plt      0x02033470        0x0 d:/projects/devkitpro/devkitarm/bin/../lib/gcc/arm-none-eabi/7.1.0/../../../../arm-none-eabi/lib/ds_arm9_crt0.o

.tm_clone_table
                0x02033470        0x0
 .tm_clone_table
                0x02033470        0x0 d:/projects/devkitpro/devkitarm/bin/../lib/gcc/arm-none-eabi/7.1.0/crtbegin.o
 .tm_clone_table
                0x02033470        0x0 d:/projects/devkitpro/devkitarm/bin/../lib/gcc/arm-none-eabi/7.1.0/crtend.o

.dtcm           0x0b000000        0x0 load address 0x02033470
                0x02033470                __dtcm_lma = LOADADDR (.dtcm)
                0x0b000000                __dtcm_start = ABSOLUTE (.)
 *(.dtcm)
 *(.dtcm.*)
                0x0b000000                . = ALIGN (0x4)
                0x0b000000                __dtcm_end = ABSOLUTE (.)

.itcm           0x01000100      0x194 load address 0x02033470
                0x02033470                __itcm_lma = LOADADDR (.itcm)
                0x01000100                __itcm_start = ABSOLUTE (.)
 *(.itcm)
 .itcm          0x01000100       0xc8 d:/projects/devkitPro/libnds/lib\libnds9.a(interrupts.o)
                0x01000100                irqTable
 .itcm          0x010001c8       0xcc d:/projects/devkitPro/libnds/lib\libnds9.a(interruptDispatcher.o)
                0x010001c8                IntrMain
 *.itcm*(.text .stub .text.*)
                0x01000294                . = ALIGN (0x4)
                0x01000294                __itcm_end = ABSOLUTE (.)

.vectors        0x01000000        0x0 load address 0x02033604
                0x02033604                __vectors_lma = LOADADDR (.vectors)
                0x01000000                __vectors_start = ABSOLUTE (.)
 *(.vectors)
 *.vectors*(.text .stub .text.*)
                0x01000000                . = ALIGN (0x4)
                0x01000000                __vectors_end = ABSOLUTE (.)

.sbss           0x0b000000        0x0
                0x0b000000                __sbss_start = ABSOLUTE (.)
                0x0b000000                __sbss_start__ = ABSOLUTE (.)
 *(.sbss)
                0x0b000000                . = ALIGN (0x4)
                0x0b000000                __sbss_end = ABSOLUTE (.)

.bss            0x02033470      0xc94
                0x02033470                __bss_start = ABSOLUTE (.)
                0x02033470                __bss_start__ = ABSOLUTE (.)
 *(EXCLUDE_FILE(*.twl*) .dynbss)
 *(EXCLUDE_FILE(*.twl*) .gnu.linkonce.b*)
 *(EXCLUDE_FILE(*.twl*) .bss*)
 .bss.completed.6484
                0x02033470        0x1 d:/projects/devkitpro/devkitarm/bin/../lib/gcc/arm-none-eabi/7.1.0/crtbegin.o
 *fill*         0x02033471        0x3 
 .bss.object.6489
                0x02033474       0x18 d:/projects/devkitpro/devkitarm/bin/../lib/gcc/arm-none-eabi/7.1.0/crtbegin.o
 .bss.keys      0x0203348c        0x2 d:/projects/devkitPro/libnds/lib\libnds9.a(keys.o)
 .bss.keysold   0x0203348e        0x2 d:/projects/devkitPro/libnds/lib\libnds9.a(keys.o)
 .bss.keysrepeat
                0x02033490        0x2 d:/projects/devkitPro/libnds/lib\libnds9.a(keys.o)
 *fill*         0x02033492        0x2 
 .bss.SDcallback
                0x02033494        0x4 d:/projects/devkitPro/libnds/lib\libnds9.a(system.o)
 .bss.__timeout
                0x02033498        0x4 d:/projects/devkitPro/libnds/lib\libnds9.a(fifosystem.o)
 .bss.processing
                0x0203349c        0x4 d:/projects/devkitPro/libnds/lib\libnds9.a(fifosystem.o)
                0x0203349c                processing
 .bss.__malloc_current_mallinfo
                0x020334a0       0x28 d:/projects/devkitpro/devkitarm/bin/../lib/gcc/arm-none-eabi/7.1.0/../../../../arm-none-eabi/lib\libg.a(lib_a-mallocr.o)
                0x020334a0                __malloc_current_mallinfo
 .bss.__malloc_max_sbrked_mem
                0x020334c8        0x4 d:/projects/devkitpro/devkitarm/bin/../lib/gcc/arm-none-eabi/7.1.0/../../../../arm-none-eabi/lib\libg.a(lib_a-mallocr.o)
                0x020334c8                __malloc_max_sbrked_mem
 .bss.__malloc_max_total_mem
                0x020334cc        0x4 d:/projects/devkitpro/devkitarm/bin/../lib/gcc/arm-none-eabi/7.1.0/../../../../arm-none-eabi/lib\libg.a(lib_a-mallocr.o)
                0x020334cc                __malloc_max_total_mem
 .bss.__malloc_top_pad
                0x020334d0        0x4 d:/projects/devkitpro/devkitarm/bin/../lib/gcc/arm-none-eabi/7.1.0/../../../../arm-none-eabi/lib\libg.a(lib_a-mallocr.o)
                0x020334d0                __malloc_top_pad
 .bss.heap_start.5814
                0x020334d4        0x4 d:/projects/devkitpro/devkitarm/bin/../lib/gcc/arm-none-eabi/7.1.0/../../../../arm-none-eabi/lib\libsysbase.a(sbrk.o)
 .bss.fake_heap_end
                0x020334d8        0x4 d:/projects/devkitpro/devkitarm/bin/../lib/gcc/arm-none-eabi/7.1.0/../../../../arm-none-eabi/lib\libsysbase.a(malloc_vars.o)
                0x020334d8                fake_heap_end
 .bss.fake_heap_start
                0x020334dc        0x4 d:/projects/devkitpro/devkitarm/bin/../lib/gcc/arm-none-eabi/7.1.0/../../../../arm-none-eabi/lib\libsysbase.a(malloc_vars.o)
                0x020334dc                fake_heap_start
 .bss.__syscalls
                0x020334e0       0x38 d:/projects/devkitpro/devkitarm/bin/../lib/gcc/arm-none-eabi/7.1.0/../../../../arm-none-eabi/lib\libsysbase.a(syscall_support.o)
                0x020334e0                __syscalls
 *(EXCLUDE_FILE(*.twl*) COMMON)
 COMMON         0x02033518       0x5c d:/projects/devkitPro/libnds/lib\libnds9.a(console.o)
                0x02033518                currentCopy
 COMMON         0x02033574      0x148 d:/projects/devkitPro/libnds/lib\libnds9.a(background.o)
                0x02033574                bgState
                0x020336b4                bgIsTextLut
 COMMON         0x020336bc        0x1 d:/projects/devkitPro/libnds/lib\libnds9.a(initSystem.o)
                0x020336bc                __dsimode
 *fill*         0x020336bd        0x3 
 COMMON         0x020336c0      0xa40 d:/projects/devkitPro/libnds/lib\libnds9.a(fifosystem.o)
                0x020336c0                fifo_datamsg_data
                0x02033700                fifo_buffer
                0x02033f00                fifo_value32_func
                0x02033f40                fifo_address_func
                0x02033f80                fifo_value32_data
                0x02033fc0                fifo_value32_queue
                0x02034000                fifo_data_queue
                0x02034040                fifo_address_data
                0x02034080                fifo_datamsg_func
                0x020340c0                fifo_address_queue
 COMMON         0x02034100        0x4 d:/projects/devkitPro/libnds/lib\libnds9.a(timeSupport.o)
                0x02034100                punixTime
                0x02034104                . = ALIGN (0x4)
                0x02034104                __bss_end__ = ABSOLUTE (.)
                0x02034104                __end__ = ABSOLUTE (.)

.twl            0x02034104        0x0 load address 0x02400000
                0x02400000                __arm9i_lma__ = LOADADDR (.twl)
                0x02034104                __arm9i_start__ = ABSOLUTE (.)
 *(.twl)
 *.twl*(.text .stub .text.* .gnu.linkonce.t.*)
 *.twl*(.rodata)
 *.twl*(.roda)
 *.twl*(.rodata.*)
 *.twl*(.data)
 *.twl*(.data.*)
 *.twl*(.gnu.linkonce.d*)
                0x02034104                __arm9i_end__ = ABSOLUTE (.)

.twl_bss        0x02034104        0x0
                0x02034104                __twl_bss_start__ = ABSOLUTE (.)
 *(.twl_bss)
 *.twl*(.dynbss)
 *.twl*(.gnu.linkonce.b*)
 *.twl*(.bss*)
 *.twl*(COMMON)
                0x02034104                . = ALIGN (0x4)
                0x02034104                __twl_bss_end__ = ABSOLUTE (.)
                0x02034104                __twl_end__ = ABSOLUTE (.)

.stab
 *(.stab)

.stabstr
 *(.stabstr)

.stab.excl
 *(.stab.excl)

.stab.exclstr
 *(.stab.exclstr)

.stab.index
 *(.stab.index)

.stab.indexstr
 *(.stab.indexstr)

.comment        0x00000000       0x44
 *(.comment)
 .comment       0x00000000       0x22 d:/projects/devkitpro/devkitarm/bin/../lib/gcc/arm-none-eabi/7.1.0/crtbegin.o
                                 0x23 (size before relaxing)
 .comment       0x00000022       0x23 game.o
 .comment       0x00000022       0x23 main.o
 .comment       0x00000022       0x22 d:/projects/devkitPro/libnds/lib\libnds9.a(keys.o)
                                 0x23 (size before relaxing)
 .comment       0x00000044       0x23 d:/projects/devkitPro/libnds/lib\libnds9.a(console.o)
 .comment       0x00000044       0x23 d:/projects/devkitPro/libnds/lib\libnds9.a(system.o)
 .comment       0x00000044       0x23 d:/projects/devkitPro/libnds/lib\libnds9.a(touch.o)
 .comment       0x00000044       0x23 d:/projects/devkitPro/libnds/lib\libnds9.a(background.o)
 .comment       0x00000044       0x23 d:/projects/devkitPro/libnds/lib\libnds9.a(securearea.o)
 .comment       0x00000044       0x23 d:/projects/devkitPro/libnds/lib\libnds9.a(initSystem.o)
 .comment       0x00000044       0x23 d:/projects/devkitPro/libnds/lib\libnds9.a(fifosystem.o)
 .comment       0x00000044       0x23 d:/projects/devkitPro/libnds/lib\libnds9.a(libnds_exit.arm.o)
 .comment       0x00000044       0x23 d:/projects/devkitPro/libnds/lib\libnds9.a(interrupts.o)
 .comment       0x00000044       0x23 d:/projects/devkitPro/libnds/lib\libnds9.a(trig.o)
 .comment       0x00000044       0x23 d:/projects/devkitPro/libnds/lib\libnds9.a(video.o)
 .comment       0x00000044       0x23 d:/projects/devkitPro/libnds/lib\libnds9.a(timeSupport.o)
 .comment       0x00000044       0x23 d:/projects/devkitpro/devkitarm/bin/../lib/gcc/arm-none-eabi/7.1.0/../../../../arm-none-eabi/lib\libg.a(lib_a-init.o)
 .comment       0x00000044       0x23 d:/projects/devkitpro/devkitarm/bin/../lib/gcc/arm-none-eabi/7.1.0/../../../../arm-none-eabi/lib\libg.a(lib_a-iprintf.o)
 .comment       0x00000044       0x23 d:/projects/devkitpro/devkitarm/bin/../lib/gcc/arm-none-eabi/7.1.0/../../../../arm-none-eabi/lib\libg.a(lib_a-memcpy-stub.o)
 .comment       0x00000044       0x23 d:/projects/devkitpro/devkitarm/bin/../lib/gcc/arm-none-eabi/7.1.0/../../../../arm-none-eabi/lib\libg.a(lib_a-memset.o)
 .comment       0x00000044       0x23 d:/projects/devkitpro/devkitarm/bin/../lib/gcc/arm-none-eabi/7.1.0/../../../../arm-none-eabi/lib\libg.a(lib_a-setvbuf.o)
 .comment       0x00000044       0x23 d:/projects/devkitpro/devkitarm/bin/../lib/gcc/arm-none-eabi/7.1.0/../../../../arm-none-eabi/lib\libg.a(lib_a-siscanf.o)
 .comment       0x00000044       0x23 d:/projects/devkitpro/devkitarm/bin/../lib/gcc/arm-none-eabi/7.1.0/../../../../arm-none-eabi/lib\libg.a(lib_a-stdio.o)
 .comment       0x00000044       0x23 d:/projects/devkitpro/devkitarm/bin/../lib/gcc/arm-none-eabi/7.1.0/../../../../arm-none-eabi/lib\libg.a(lib_a-strlen-stub.o)
 .comment       0x00000044       0x23 d:/projects/devkitpro/devkitarm/bin/../lib/gcc/arm-none-eabi/7.1.0/../../../../arm-none-eabi/lib\libg.a(lib_a-svfiscanf.o)
 .comment       0x00000044       0x23 d:/projects/devkitpro/devkitarm/bin/../lib/gcc/arm-none-eabi/7.1.0/../../../../arm-none-eabi/lib\libg.a(lib_a-ungetc.o)
 .comment       0x00000044       0x23 d:/projects/devkitpro/devkitarm/bin/../lib/gcc/arm-none-eabi/7.1.0/../../../../arm-none-eabi/lib\libg.a(lib_a-vfiprintf.o)
 .comment       0x00000044       0x23 d:/projects/devkitpro/devkitarm/bin/../lib/gcc/arm-none-eabi/7.1.0/../../../../arm-none-eabi/lib\libg.a(lib_a-wcrtomb.o)
 .comment       0x00000044       0x23 d:/projects/devkitpro/devkitarm/bin/../lib/gcc/arm-none-eabi/7.1.0/../../../../arm-none-eabi/lib\libg.a(lib_a-wcsrtombs.o)
 .comment       0x00000044       0x23 d:/projects/devkitpro/devkitarm/bin/../lib/gcc/arm-none-eabi/7.1.0/../../../../arm-none-eabi/lib\libg.a(lib_a-wsetup.o)
 .comment       0x00000044       0x23 d:/projects/devkitpro/devkitarm/bin/../lib/gcc/arm-none-eabi/7.1.0/../../../../arm-none-eabi/lib\libg.a(lib_a-fflush.o)
 .comment       0x00000044       0x23 d:/projects/devkitpro/devkitarm/bin/../lib/gcc/arm-none-eabi/7.1.0/../../../../arm-none-eabi/lib\libg.a(lib_a-findfp.o)
 .comment       0x00000044       0x23 d:/projects/devkitpro/devkitarm/bin/../lib/gcc/arm-none-eabi/7.1.0/../../../../arm-none-eabi/lib\libg.a(lib_a-freer.o)
 .comment       0x00000044       0x23 d:/projects/devkitpro/devkitarm/bin/../lib/gcc/arm-none-eabi/7.1.0/../../../../arm-none-eabi/lib\libg.a(lib_a-fvwrite.o)
 .comment       0x00000044       0x23 d:/projects/devkitpro/devkitarm/bin/../lib/gcc/arm-none-eabi/7.1.0/../../../../arm-none-eabi/lib\libg.a(lib_a-fwalk.o)
 .comment       0x00000044       0x23 d:/projects/devkitpro/devkitarm/bin/../lib/gcc/arm-none-eabi/7.1.0/../../../../arm-none-eabi/lib\libg.a(lib_a-impure.o)
 .comment       0x00000044       0x23 d:/projects/devkitpro/devkitarm/bin/../lib/gcc/arm-none-eabi/7.1.0/../../../../arm-none-eabi/lib\libg.a(lib_a-iswspace.o)
 .comment       0x00000044       0x23 d:/projects/devkitpro/devkitarm/bin/../lib/gcc/arm-none-eabi/7.1.0/../../../../arm-none-eabi/lib\libg.a(lib_a-jp2uc.o)
 .comment       0x00000044       0x23 d:/projects/devkitpro/devkitarm/bin/../lib/gcc/arm-none-eabi/7.1.0/../../../../arm-none-eabi/lib\libg.a(lib_a-localeconv.o)
 .comment       0x00000044       0x23 d:/projects/devkitpro/devkitarm/bin/../lib/gcc/arm-none-eabi/7.1.0/../../../../arm-none-eabi/lib\libg.a(lib_a-locale.o)
 .comment       0x00000044       0x23 d:/projects/devkitpro/devkitarm/bin/../lib/gcc/arm-none-eabi/7.1.0/../../../../arm-none-eabi/lib\libg.a(lib_a-makebuf.o)
 .comment       0x00000044       0x23 d:/projects/devkitpro/devkitarm/bin/../lib/gcc/arm-none-eabi/7.1.0/../../../../arm-none-eabi/lib\libg.a(lib_a-malloc.o)
 .comment       0x00000044       0x23 d:/projects/devkitpro/devkitarm/bin/../lib/gcc/arm-none-eabi/7.1.0/../../../../arm-none-eabi/lib\libg.a(lib_a-mallocr.o)
 .comment       0x00000044       0x23 d:/projects/devkitpro/devkitarm/bin/../lib/gcc/arm-none-eabi/7.1.0/../../../../arm-none-eabi/lib\libg.a(lib_a-mbrtowc.o)
 .comment       0x00000044       0x23 d:/projects/devkitpro/devkitarm/bin/../lib/gcc/arm-none-eabi/7.1.0/../../../../arm-none-eabi/lib\libg.a(lib_a-mbtowc_r.o)
 .comment       0x00000044       0x23 d:/projects/devkitpro/devkitarm/bin/../lib/gcc/arm-none-eabi/7.1.0/../../../../arm-none-eabi/lib\libg.a(lib_a-memchr-stub.o)
 .comment       0x00000044       0x23 d:/projects/devkitpro/devkitarm/bin/../lib/gcc/arm-none-eabi/7.1.0/../../../../arm-none-eabi/lib\libg.a(lib_a-memmove.o)
 .comment       0x00000044       0x23 d:/projects/devkitpro/devkitarm/bin/../lib/gcc/arm-none-eabi/7.1.0/../../../../arm-none-eabi/lib\libg.a(lib_a-mlock.o)
 .comment       0x00000044       0x23 d:/projects/devkitpro/devkitarm/bin/../lib/gcc/arm-none-eabi/7.1.0/../../../../arm-none-eabi/lib\libg.a(lib_a-reallocr.o)
 .comment       0x00000044       0x23 d:/projects/devkitpro/devkitarm/bin/../lib/gcc/arm-none-eabi/7.1.0/../../../../arm-none-eabi/lib\libg.a(lib_a-sccl.o)
 .comment       0x00000044       0x23 d:/projects/devkitpro/devkitarm/bin/../lib/gcc/arm-none-eabi/7.1.0/../../../../arm-none-eabi/lib\libg.a(lib_a-strncpy.o)
 .comment       0x00000044       0x23 d:/projects/devkitpro/devkitarm/bin/../lib/gcc/arm-none-eabi/7.1.0/../../../../arm-none-eabi/lib\libg.a(lib_a-strtoll.o)
 .comment       0x00000044       0x23 d:/projects/devkitpro/devkitarm/bin/../lib/gcc/arm-none-eabi/7.1.0/../../../../arm-none-eabi/lib\libg.a(lib_a-strtol.o)
 .comment       0x00000044       0x23 d:/projects/devkitpro/devkitarm/bin/../lib/gcc/arm-none-eabi/7.1.0/../../../../arm-none-eabi/lib\libg.a(lib_a-strtoull.o)
 .comment       0x00000044       0x23 d:/projects/devkitpro/devkitarm/bin/../lib/gcc/arm-none-eabi/7.1.0/../../../../arm-none-eabi/lib\libg.a(lib_a-strtoul.o)
 .comment       0x00000044       0x23 d:/projects/devkitpro/devkitarm/bin/../lib/gcc/arm-none-eabi/7.1.0/../../../../arm-none-eabi/lib\libg.a(lib_a-svfiprintf.o)
 .comment       0x00000044       0x23 d:/projects/devkitpro/devkitarm/bin/../lib/gcc/arm-none-eabi/7.1.0/../../../../arm-none-eabi/lib\libg.a(lib_a-wcsnrtombs.o)
 .comment       0x00000044       0x23 d:/projects/devkitpro/devkitarm/bin/../lib/gcc/arm-none-eabi/7.1.0/../../../../arm-none-eabi/lib\libg.a(lib_a-wctomb_r.o)
 .comment       0x00000044       0x23 d:/projects/devkitpro/devkitarm/bin/../lib/gcc/arm-none-eabi/7.1.0/../../../../arm-none-eabi/lib\libg.a(lib_a-ctype_.o)
 .comment       0x00000044       0x23 d:/projects/devkitpro/devkitarm/bin/../lib/gcc/arm-none-eabi/7.1.0/../../../../arm-none-eabi/lib\libg.a(lib_a-fclose.o)
 .comment       0x00000044       0x23 d:/projects/devkitpro/devkitarm/bin/../lib/gcc/arm-none-eabi/7.1.0/../../../../arm-none-eabi/lib\libsysbase.a(iosupport.o)
 .comment       0x00000044       0x23 d:/projects/devkitpro/devkitarm/bin/../lib/gcc/arm-none-eabi/7.1.0/../../../../arm-none-eabi/lib\libsysbase.a(close.o)
 .comment       0x00000044       0x23 d:/projects/devkitpro/devkitarm/bin/../lib/gcc/arm-none-eabi/7.1.0/../../../../arm-none-eabi/lib\libsysbase.a(fstat.o)
 .comment       0x00000044       0x23 d:/projects/devkitpro/devkitarm/bin/../lib/gcc/arm-none-eabi/7.1.0/../../../../arm-none-eabi/lib\libsysbase.a(isatty.o)
 .comment       0x00000044       0x23 d:/projects/devkitpro/devkitarm/bin/../lib/gcc/arm-none-eabi/7.1.0/../../../../arm-none-eabi/lib\libsysbase.a(lseek.o)
 .comment       0x00000044       0x23 d:/projects/devkitpro/devkitarm/bin/../lib/gcc/arm-none-eabi/7.1.0/../../../../arm-none-eabi/lib\libsysbase.a(read.o)
 .comment       0x00000044       0x23 d:/projects/devkitpro/devkitarm/bin/../lib/gcc/arm-none-eabi/7.1.0/../../../../arm-none-eabi/lib\libsysbase.a(sbrk.o)
 .comment       0x00000044       0x23 d:/projects/devkitpro/devkitarm/bin/../lib/gcc/arm-none-eabi/7.1.0/../../../../arm-none-eabi/lib\libsysbase.a(write.o)
 .comment       0x00000044       0x23 d:/projects/devkitpro/devkitarm/bin/../lib/gcc/arm-none-eabi/7.1.0/../../../../arm-none-eabi/lib\libsysbase.a(malloc_vars.o)
 .comment       0x00000044       0x23 d:/projects/devkitpro/devkitarm/bin/../lib/gcc/arm-none-eabi/7.1.0/../../../../arm-none-eabi/lib\libsysbase.a(build_argv.o)
 .comment       0x00000044       0x23 d:/projects/devkitpro/devkitarm/bin/../lib/gcc/arm-none-eabi/7.1.0/../../../../arm-none-eabi/lib\libsysbase.a(flock.o)
 .comment       0x00000044       0x23 d:/projects/devkitpro/devkitarm/bin/../lib/gcc/arm-none-eabi/7.1.0/../../../../arm-none-eabi/lib\libsysbase.a(syscall_support.o)
 .comment       0x00000044       0x23 d:/projects/devkitpro/devkitarm/bin/../lib/gcc/arm-none-eabi/7.1.0/../../../../arm-none-eabi/lib\libsysbase.a(handle_manager.o)
 .comment       0x00000044       0x23 d:/projects/devkitpro/devkitarm/bin/../lib/gcc/arm-none-eabi/7.1.0/../../../../arm-none-eabi/lib\libsysbase.a(getreent.o)
 .comment       0x00000044       0x23 d:/projects/devkitpro/devkitarm/bin/../lib/gcc/arm-none-eabi/7.1.0\libgcc.a(_udivmoddi4.o)
 .comment       0x00000044       0x23 d:/projects/devkitpro/devkitarm/bin/../lib/gcc/arm-none-eabi/7.1.0/crtend.o

.ARM.attributes
                0x00000000       0x2d
 .ARM.attributes
                0x00000000       0x21 d:/projects/devkitpro/devkitarm/bin/../lib/gcc/arm-none-eabi/7.1.0/../../../../arm-none-eabi/lib/ds_arm9_crt0.o
 .ARM.attributes
                0x00000021       0x16 d:/projects/devkitpro/devkitarm/bin/../lib/gcc/arm-none-eabi/7.1.0/crti.o
 .ARM.attributes
                0x00000037       0x30 d:/projects/devkitpro/devkitarm/bin/../lib/gcc/arm-none-eabi/7.1.0/crtbegin.o
 .ARM.attributes
                0x00000067       0x1b backgroundBoard.o
 .ARM.attributes
                0x00000082       0x2b game.o
 .ARM.attributes
                0x000000ad       0x2b main.o
 .ARM.attributes
                0x000000d8       0x2b d:/projects/devkitPro/libnds/lib\libnds9.a(keys.o)
 .ARM.attributes
                0x00000103       0x2b d:/projects/devkitPro/libnds/lib\libnds9.a(console.o)
 .ARM.attributes
                0x0000012e       0x2b d:/projects/devkitPro/libnds/lib\libnds9.a(system.o)
 .ARM.attributes
                0x00000159       0x2b d:/projects/devkitPro/libnds/lib\libnds9.a(touch.o)
 .ARM.attributes
                0x00000184       0x2b d:/projects/devkitPro/libnds/lib\libnds9.a(background.o)
 .ARM.attributes
                0x000001af       0x2b d:/projects/devkitPro/libnds/lib\libnds9.a(securearea.o)
 .ARM.attributes
                0x000001da       0x2b d:/projects/devkitPro/libnds/lib\libnds9.a(initSystem.o)
 .ARM.attributes
                0x00000205       0x2b d:/projects/devkitPro/libnds/lib\libnds9.a(fifosystem.o)
 .ARM.attributes
                0x00000230       0x2b d:/projects/devkitPro/libnds/lib\libnds9.a(libnds_exit.arm.o)
 .ARM.attributes
                0x0000025b       0x2b d:/projects/devkitPro/libnds/lib\libnds9.a(interrupts.o)
 .ARM.attributes
                0x00000286       0x21 d:/projects/devkitPro/libnds/lib\libnds9.a(cpu_clock.o)
 .ARM.attributes
                0x000002a7       0x21 d:/projects/devkitPro/libnds/lib\libnds9.a(IntrWait.o)
 .ARM.attributes
                0x000002c8       0x21 d:/projects/devkitPro/libnds/lib\libnds9.a(mpu_setup.o)
 .ARM.attributes
                0x000002e9       0x21 d:/projects/devkitPro/libnds/lib\libnds9.a(swiSoftReset.o)
 .ARM.attributes
                0x0000030a       0x1b d:/projects/devkitPro/libnds/lib\libnds9.a(biosCalls.o)
 .ARM.attributes
                0x00000325       0x1b d:/projects/devkitPro/libnds/lib\libnds9.a(interruptDispatcher.o)
 .ARM.attributes
                0x00000340       0x14 d:/projects/devkitPro/libnds/lib\libnds9.a(default_font.bin.o)
 .ARM.attributes
                0x00000354       0x2b d:/projects/devkitPro/libnds/lib\libnds9.a(trig.o)
 .ARM.attributes
                0x0000037f       0x2b d:/projects/devkitPro/libnds/lib\libnds9.a(video.o)
 .ARM.attributes
                0x000003aa       0x2b d:/projects/devkitPro/libnds/lib\libnds9.a(timeSupport.o)
 .ARM.attributes
                0x000003d5       0x18 d:/projects/devkitpro/devkitarm/bin/../lib/gcc/arm-none-eabi/7.1.0\libgcc.a(_udivsi3.o)
 .ARM.attributes
                0x000003ed       0x18 d:/projects/devkitpro/devkitarm/bin/../lib/gcc/arm-none-eabi/7.1.0\libgcc.a(_divsi3.o)
 .ARM.attributes
                0x00000405       0x18 d:/projects/devkitpro/devkitarm/bin/../lib/gcc/arm-none-eabi/7.1.0\libgcc.a(_dvmd_tls.o)
 .ARM.attributes
                0x0000041d       0x30 d:/projects/devkitpro/devkitarm/bin/../lib/gcc/arm-none-eabi/7.1.0/../../../../arm-none-eabi/lib\libg.a(lib_a-init.o)
 .ARM.attributes
                0x0000044d       0x30 d:/projects/devkitpro/devkitarm/bin/../lib/gcc/arm-none-eabi/7.1.0/../../../../arm-none-eabi/lib\libg.a(lib_a-iprintf.o)
 .ARM.attributes
                0x0000047d       0x30 d:/projects/devkitpro/devkitarm/bin/../lib/gcc/arm-none-eabi/7.1.0/../../../../arm-none-eabi/lib\libg.a(lib_a-memcpy-stub.o)
 .ARM.attributes
                0x000004ad       0x30 d:/projects/devkitpro/devkitarm/bin/../lib/gcc/arm-none-eabi/7.1.0/../../../../arm-none-eabi/lib\libg.a(lib_a-memset.o)
 .ARM.attributes
                0x000004dd       0x30 d:/projects/devkitpro/devkitarm/bin/../lib/gcc/arm-none-eabi/7.1.0/../../../../arm-none-eabi/lib\libg.a(lib_a-setvbuf.o)
 .ARM.attributes
                0x0000050d       0x30 d:/projects/devkitpro/devkitarm/bin/../lib/gcc/arm-none-eabi/7.1.0/../../../../arm-none-eabi/lib\libg.a(lib_a-siscanf.o)
 .ARM.attributes
                0x0000053d       0x30 d:/projects/devkitpro/devkitarm/bin/../lib/gcc/arm-none-eabi/7.1.0/../../../../arm-none-eabi/lib\libg.a(lib_a-stdio.o)
 .ARM.attributes
                0x0000056d       0x30 d:/projects/devkitpro/devkitarm/bin/../lib/gcc/arm-none-eabi/7.1.0/../../../../arm-none-eabi/lib\libg.a(lib_a-strlen-stub.o)
 .ARM.attributes
                0x0000059d       0x30 d:/projects/devkitpro/devkitarm/bin/../lib/gcc/arm-none-eabi/7.1.0/../../../../arm-none-eabi/lib\libg.a(lib_a-svfiscanf.o)
 .ARM.attributes
                0x000005cd       0x30 d:/projects/devkitpro/devkitarm/bin/../lib/gcc/arm-none-eabi/7.1.0/../../../../arm-none-eabi/lib\libg.a(lib_a-ungetc.o)
 .ARM.attributes
                0x000005fd       0x30 d:/projects/devkitpro/devkitarm/bin/../lib/gcc/arm-none-eabi/7.1.0/../../../../arm-none-eabi/lib\libg.a(lib_a-vfiprintf.o)
 .ARM.attributes
                0x0000062d       0x30 d:/projects/devkitpro/devkitarm/bin/../lib/gcc/arm-none-eabi/7.1.0/../../../../arm-none-eabi/lib\libg.a(lib_a-wcrtomb.o)
 .ARM.attributes
                0x0000065d       0x30 d:/projects/devkitpro/devkitarm/bin/../lib/gcc/arm-none-eabi/7.1.0/../../../../arm-none-eabi/lib\libg.a(lib_a-wcsrtombs.o)
 .ARM.attributes
                0x0000068d       0x30 d:/projects/devkitpro/devkitarm/bin/../lib/gcc/arm-none-eabi/7.1.0/../../../../arm-none-eabi/lib\libg.a(lib_a-wsetup.o)
 .ARM.attributes
                0x000006bd       0x30 d:/projects/devkitpro/devkitarm/bin/../lib/gcc/arm-none-eabi/7.1.0/../../../../arm-none-eabi/lib\libg.a(lib_a-fflush.o)
 .ARM.attributes
                0x000006ed       0x30 d:/projects/devkitpro/devkitarm/bin/../lib/gcc/arm-none-eabi/7.1.0/../../../../arm-none-eabi/lib\libg.a(lib_a-findfp.o)
 .ARM.attributes
                0x0000071d       0x30 d:/projects/devkitpro/devkitarm/bin/../lib/gcc/arm-none-eabi/7.1.0/../../../../arm-none-eabi/lib\libg.a(lib_a-freer.o)
 .ARM.attributes
                0x0000074d       0x30 d:/projects/devkitpro/devkitarm/bin/../lib/gcc/arm-none-eabi/7.1.0/../../../../arm-none-eabi/lib\libg.a(lib_a-fvwrite.o)
 .ARM.attributes
                0x0000077d       0x30 d:/projects/devkitpro/devkitarm/bin/../lib/gcc/arm-none-eabi/7.1.0/../../../../arm-none-eabi/lib\libg.a(lib_a-fwalk.o)
 .ARM.attributes
                0x000007ad       0x30 d:/projects/devkitpro/devkitarm/bin/../lib/gcc/arm-none-eabi/7.1.0/../../../../arm-none-eabi/lib\libg.a(lib_a-impure.o)
 .ARM.attributes
                0x000007dd       0x30 d:/projects/devkitpro/devkitarm/bin/../lib/gcc/arm-none-eabi/7.1.0/../../../../arm-none-eabi/lib\libg.a(lib_a-iswspace.o)
 .ARM.attributes
                0x0000080d       0x30 d:/projects/devkitpro/devkitarm/bin/../lib/gcc/arm-none-eabi/7.1.0/../../../../arm-none-eabi/lib\libg.a(lib_a-jp2uc.o)
 .ARM.attributes
                0x0000083d       0x30 d:/projects/devkitpro/devkitarm/bin/../lib/gcc/arm-none-eabi/7.1.0/../../../../arm-none-eabi/lib\libg.a(lib_a-localeconv.o)
 .ARM.attributes
                0x0000086d       0x30 d:/projects/devkitpro/devkitarm/bin/../lib/gcc/arm-none-eabi/7.1.0/../../../../arm-none-eabi/lib\libg.a(lib_a-locale.o)
 .ARM.attributes
                0x0000089d       0x30 d:/projects/devkitpro/devkitarm/bin/../lib/gcc/arm-none-eabi/7.1.0/../../../../arm-none-eabi/lib\libg.a(lib_a-makebuf.o)
 .ARM.attributes
                0x000008cd       0x30 d:/projects/devkitpro/devkitarm/bin/../lib/gcc/arm-none-eabi/7.1.0/../../../../arm-none-eabi/lib\libg.a(lib_a-malloc.o)
 .ARM.attributes
                0x000008fd       0x30 d:/projects/devkitpro/devkitarm/bin/../lib/gcc/arm-none-eabi/7.1.0/../../../../arm-none-eabi/lib\libg.a(lib_a-mallocr.o)
 .ARM.attributes
                0x0000092d       0x30 d:/projects/devkitpro/devkitarm/bin/../lib/gcc/arm-none-eabi/7.1.0/../../../../arm-none-eabi/lib\libg.a(lib_a-mbrtowc.o)
 .ARM.attributes
                0x0000095d       0x30 d:/projects/devkitpro/devkitarm/bin/../lib/gcc/arm-none-eabi/7.1.0/../../../../arm-none-eabi/lib\libg.a(lib_a-mbtowc_r.o)
 .ARM.attributes
                0x0000098d       0x30 d:/projects/devkitpro/devkitarm/bin/../lib/gcc/arm-none-eabi/7.1.0/../../../../arm-none-eabi/lib\libg.a(lib_a-memchr-stub.o)
 .ARM.attributes
                0x000009bd       0x30 d:/projects/devkitpro/devkitarm/bin/../lib/gcc/arm-none-eabi/7.1.0/../../../../arm-none-eabi/lib\libg.a(lib_a-memmove.o)
 .ARM.attributes
                0x000009ed       0x30 d:/projects/devkitpro/devkitarm/bin/../lib/gcc/arm-none-eabi/7.1.0/../../../../arm-none-eabi/lib\libg.a(lib_a-mlock.o)
 .ARM.attributes
                0x00000a1d       0x30 d:/projects/devkitpro/devkitarm/bin/../lib/gcc/arm-none-eabi/7.1.0/../../../../arm-none-eabi/lib\libg.a(lib_a-reallocr.o)
 .ARM.attributes
                0x00000a4d       0x30 d:/projects/devkitpro/devkitarm/bin/../lib/gcc/arm-none-eabi/7.1.0/../../../../arm-none-eabi/lib\libg.a(lib_a-sccl.o)
 .ARM.attributes
                0x00000a7d       0x16 d:/projects/devkitpro/devkitarm/bin/../lib/gcc/arm-none-eabi/7.1.0/../../../../arm-none-eabi/lib\libg.a(lib_a-strcmp.o)
 .ARM.attributes
                0x00000a93       0x30 d:/projects/devkitpro/devkitarm/bin/../lib/gcc/arm-none-eabi/7.1.0/../../../../arm-none-eabi/lib\libg.a(lib_a-strncpy.o)
 .ARM.attributes
                0x00000ac3       0x30 d:/projects/devkitpro/devkitarm/bin/../lib/gcc/arm-none-eabi/7.1.0/../../../../arm-none-eabi/lib\libg.a(lib_a-strtoll.o)
 .ARM.attributes
                0x00000af3       0x30 d:/projects/devkitpro/devkitarm/bin/../lib/gcc/arm-none-eabi/7.1.0/../../../../arm-none-eabi/lib\libg.a(lib_a-strtol.o)
 .ARM.attributes
                0x00000b23       0x30 d:/projects/devkitpro/devkitarm/bin/../lib/gcc/arm-none-eabi/7.1.0/../../../../arm-none-eabi/lib\libg.a(lib_a-strtoull.o)
 .ARM.attributes
                0x00000b53       0x30 d:/projects/devkitpro/devkitarm/bin/../lib/gcc/arm-none-eabi/7.1.0/../../../../arm-none-eabi/lib\libg.a(lib_a-strtoul.o)
 .ARM.attributes
                0x00000b83       0x30 d:/projects/devkitpro/devkitarm/bin/../lib/gcc/arm-none-eabi/7.1.0/../../../../arm-none-eabi/lib\libg.a(lib_a-svfiprintf.o)
 .ARM.attributes
                0x00000bb3       0x30 d:/projects/devkitpro/devkitarm/bin/../lib/gcc/arm-none-eabi/7.1.0/../../../../arm-none-eabi/lib\libg.a(lib_a-wcsnrtombs.o)
 .ARM.attributes
                0x00000be3       0x30 d:/projects/devkitpro/devkitarm/bin/../lib/gcc/arm-none-eabi/7.1.0/../../../../arm-none-eabi/lib\libg.a(lib_a-wctomb_r.o)
 .ARM.attributes
                0x00000c13       0x30 d:/projects/devkitpro/devkitarm/bin/../lib/gcc/arm-none-eabi/7.1.0/../../../../arm-none-eabi/lib\libg.a(lib_a-ctype_.o)
 .ARM.attributes
                0x00000c43       0x30 d:/projects/devkitpro/devkitarm/bin/../lib/gcc/arm-none-eabi/7.1.0/../../../../arm-none-eabi/lib\libg.a(lib_a-fclose.o)
 .ARM.attributes
                0x00000c73       0x30 d:/projects/devkitpro/devkitarm/bin/../lib/gcc/arm-none-eabi/7.1.0/../../../../arm-none-eabi/lib\libsysbase.a(iosupport.o)
 .ARM.attributes
                0x00000ca3       0x30 d:/projects/devkitpro/devkitarm/bin/../lib/gcc/arm-none-eabi/7.1.0/../../../../arm-none-eabi/lib\libsysbase.a(close.o)
 .ARM.attributes
                0x00000cd3       0x30 d:/projects/devkitpro/devkitarm/bin/../lib/gcc/arm-none-eabi/7.1.0/../../../../arm-none-eabi/lib\libsysbase.a(fstat.o)
 .ARM.attributes
                0x00000d03       0x30 d:/projects/devkitpro/devkitarm/bin/../lib/gcc/arm-none-eabi/7.1.0/../../../../arm-none-eabi/lib\libsysbase.a(isatty.o)
 .ARM.attributes
                0x00000d33       0x30 d:/projects/devkitpro/devkitarm/bin/../lib/gcc/arm-none-eabi/7.1.0/../../../../arm-none-eabi/lib\libsysbase.a(lseek.o)
 .ARM.attributes
                0x00000d63       0x30 d:/projects/devkitpro/devkitarm/bin/../lib/gcc/arm-none-eabi/7.1.0/../../../../arm-none-eabi/lib\libsysbase.a(read.o)
 .ARM.attributes
                0x00000d93       0x30 d:/projects/devkitpro/devkitarm/bin/../lib/gcc/arm-none-eabi/7.1.0/../../../../arm-none-eabi/lib\libsysbase.a(sbrk.o)
 .ARM.attributes
                0x00000dc3       0x30 d:/projects/devkitpro/devkitarm/bin/../lib/gcc/arm-none-eabi/7.1.0/../../../../arm-none-eabi/lib\libsysbase.a(write.o)
 .ARM.attributes
                0x00000df3       0x30 d:/projects/devkitpro/devkitarm/bin/../lib/gcc/arm-none-eabi/7.1.0/../../../../arm-none-eabi/lib\libsysbase.a(malloc_vars.o)
 .ARM.attributes
                0x00000e23       0x30 d:/projects/devkitpro/devkitarm/bin/../lib/gcc/arm-none-eabi/7.1.0/../../../../arm-none-eabi/lib\libsysbase.a(build_argv.o)
 .ARM.attributes
                0x00000e53       0x30 d:/projects/devkitpro/devkitarm/bin/../lib/gcc/arm-none-eabi/7.1.0/../../../../arm-none-eabi/lib\libsysbase.a(flock.o)
 .ARM.attributes
                0x00000e83       0x30 d:/projects/devkitpro/devkitarm/bin/../lib/gcc/arm-none-eabi/7.1.0/../../../../arm-none-eabi/lib\libsysbase.a(syscall_support.o)
 .ARM.attributes
                0x00000eb3       0x30 d:/projects/devkitpro/devkitarm/bin/../lib/gcc/arm-none-eabi/7.1.0/../../../../arm-none-eabi/lib\libsysbase.a(handle_manager.o)
 .ARM.attributes
                0x00000ee3       0x30 d:/projects/devkitpro/devkitarm/bin/../lib/gcc/arm-none-eabi/7.1.0/../../../../arm-none-eabi/lib\libsysbase.a(getreent.o)
 .ARM.attributes
                0x00000f13       0x18 d:/projects/devkitpro/devkitarm/bin/../lib/gcc/arm-none-eabi/7.1.0\libgcc.a(_aeabi_uldivmod.o)
 .ARM.attributes
                0x00000f2b       0x30 d:/projects/devkitpro/devkitarm/bin/../lib/gcc/arm-none-eabi/7.1.0\libgcc.a(_udivmoddi4.o)
 .ARM.attributes
                0x00000f5b       0x18 d:/projects/devkitpro/devkitarm/bin/../lib/gcc/arm-none-eabi/7.1.0\libgcc.a(_clzdi2.o)
 .ARM.attributes
                0x00000f73       0x18 d:/projects/devkitpro/devkitarm/bin/../lib/gcc/arm-none-eabi/7.1.0\libgcc.a(_clzsi2.o)
 .ARM.attributes
                0x00000f8b       0x30 d:/projects/devkitpro/devkitarm/bin/../lib/gcc/arm-none-eabi/7.1.0/crtend.o
 .ARM.attributes
                0x00000fbb       0x18 d:/projects/devkitpro/devkitarm/bin/../lib/gcc/arm-none-eabi/7.1.0/crtn.o

.debug
 *(.debug)

.line
 *(.line)

.debug_srcinfo
 *(.debug_srcinfo)

.debug_sfnames
 *(.debug_sfnames)

.debug_aranges  0x00000000      0x5b8
 *(.debug_aranges)
 .debug_aranges
                0x00000000       0x20 game.o
 .debug_aranges
                0x00000020       0x28 main.o
 .debug_aranges
                0x00000048       0x50 d:/projects/devkitPro/libnds/lib\libnds9.a(keys.o)
 .debug_aranges
                0x00000098       0x88 d:/projects/devkitPro/libnds/lib\libnds9.a(console.o)
 .debug_aranges
                0x00000120       0x68 d:/projects/devkitPro/libnds/lib\libnds9.a(system.o)
 .debug_aranges
                0x00000188       0x28 d:/projects/devkitPro/libnds/lib\libnds9.a(touch.o)
 .debug_aranges
                0x000001b0       0x48 d:/projects/devkitPro/libnds/lib\libnds9.a(background.o)
 .debug_aranges
                0x000001f8       0x18 d:/projects/devkitPro/libnds/lib\libnds9.a(securearea.o)
 .debug_aranges
                0x00000210       0x20 d:/projects/devkitPro/libnds/lib\libnds9.a(initSystem.o)
 .debug_aranges
                0x00000230       0xc8 d:/projects/devkitPro/libnds/lib\libnds9.a(fifosystem.o)
 .debug_aranges
                0x000002f8       0x28 d:/projects/devkitPro/libnds/lib\libnds9.a(libnds_exit.arm.o)
 .debug_aranges
                0x00000320       0x50 d:/projects/devkitPro/libnds/lib\libnds9.a(interrupts.o)
 .debug_aranges
                0x00000370       0x20 d:/projects/devkitPro/libnds/lib\libnds9.a(cpu_clock.o)
 .debug_aranges
                0x00000390       0x28 d:/projects/devkitPro/libnds/lib\libnds9.a(IntrWait.o)
 .debug_aranges
                0x000003b8       0x30 d:/projects/devkitPro/libnds/lib\libnds9.a(mpu_setup.o)
 .debug_aranges
                0x000003e8       0x20 d:/projects/devkitPro/libnds/lib\libnds9.a(swiSoftReset.o)
 .debug_aranges
                0x00000408       0xc8 d:/projects/devkitPro/libnds/lib\libnds9.a(biosCalls.o)
 .debug_aranges
                0x000004d0       0x20 d:/projects/devkitPro/libnds/lib\libnds9.a(interruptDispatcher.o)
 .debug_aranges
                0x000004f0       0x60 d:/projects/devkitPro/libnds/lib\libnds9.a(trig.o)
 .debug_aranges
                0x00000550       0x48 d:/projects/devkitPro/libnds/lib\libnds9.a(video.o)
 .debug_aranges
                0x00000598       0x20 d:/projects/devkitPro/libnds/lib\libnds9.a(timeSupport.o)

.debug_pubnames
 *(.debug_pubnames)

.debug_info     0x00000000    0x11124
 *(.debug_info)
 .debug_info    0x00000000     0x1bd7 game.o
 .debug_info    0x00001bd7     0x224f main.o
 .debug_info    0x00003e26      0xd35 d:/projects/devkitPro/libnds/lib\libnds9.a(keys.o)
 .debug_info    0x00004b5b     0x253a d:/projects/devkitPro/libnds/lib\libnds9.a(console.o)
 .debug_info    0x00007095     0x1326 d:/projects/devkitPro/libnds/lib\libnds9.a(system.o)
 .debug_info    0x000083bb      0xc5b d:/projects/devkitPro/libnds/lib\libnds9.a(touch.o)
 .debug_info    0x00009016     0x1269 d:/projects/devkitPro/libnds/lib\libnds9.a(background.o)
 .debug_info    0x0000a27f       0x58 d:/projects/devkitPro/libnds/lib\libnds9.a(securearea.o)
 .debug_info    0x0000a2d7     0x1c23 d:/projects/devkitPro/libnds/lib\libnds9.a(initSystem.o)
 .debug_info    0x0000befa     0x1f7b d:/projects/devkitPro/libnds/lib\libnds9.a(fifosystem.o)
 .debug_info    0x0000de75      0xc50 d:/projects/devkitPro/libnds/lib\libnds9.a(libnds_exit.arm.o)
 .debug_info    0x0000eac5      0x66d d:/projects/devkitPro/libnds/lib\libnds9.a(interrupts.o)
 .debug_info    0x0000f132       0x26 d:/projects/devkitPro/libnds/lib\libnds9.a(cpu_clock.o)
 .debug_info    0x0000f158       0x22 d:/projects/devkitPro/libnds/lib\libnds9.a(IntrWait.o)
 .debug_info    0x0000f17a       0x22 d:/projects/devkitPro/libnds/lib\libnds9.a(mpu_setup.o)
 .debug_info    0x0000f19c       0x26 d:/projects/devkitPro/libnds/lib\libnds9.a(swiSoftReset.o)
 .debug_info    0x0000f1c2       0x22 d:/projects/devkitPro/libnds/lib\libnds9.a(biosCalls.o)
 .debug_info    0x0000f1e4       0x26 d:/projects/devkitPro/libnds/lib\libnds9.a(interruptDispatcher.o)
 .debug_info    0x0000f20a      0xdeb d:/projects/devkitPro/libnds/lib\libnds9.a(trig.o)
 .debug_info    0x0000fff5      0x724 d:/projects/devkitPro/libnds/lib\libnds9.a(video.o)
 .debug_info    0x00010719      0xa0b d:/projects/devkitPro/libnds/lib\libnds9.a(timeSupport.o)

.debug_abbrev   0x00000000     0x2edd
 *(.debug_abbrev)
 .debug_abbrev  0x00000000      0x3b6 game.o
 .debug_abbrev  0x000003b6      0x4ae main.o
 .debug_abbrev  0x00000864      0x286 d:/projects/devkitPro/libnds/lib\libnds9.a(keys.o)
 .debug_abbrev  0x00000aea      0x525 d:/projects/devkitPro/libnds/lib\libnds9.a(console.o)
 .debug_abbrev  0x0000100f      0x373 d:/projects/devkitPro/libnds/lib\libnds9.a(system.o)
 .debug_abbrev  0x00001382      0x231 d:/projects/devkitPro/libnds/lib\libnds9.a(touch.o)
 .debug_abbrev  0x000015b3      0x3ad d:/projects/devkitPro/libnds/lib\libnds9.a(background.o)
 .debug_abbrev  0x00001960       0x45 d:/projects/devkitPro/libnds/lib\libnds9.a(securearea.o)
 .debug_abbrev  0x000019a5      0x35a d:/projects/devkitPro/libnds/lib\libnds9.a(initSystem.o)
 .debug_abbrev  0x00001cff      0x542 d:/projects/devkitPro/libnds/lib\libnds9.a(fifosystem.o)
 .debug_abbrev  0x00002241      0x289 d:/projects/devkitPro/libnds/lib\libnds9.a(libnds_exit.arm.o)
 .debug_abbrev  0x000024ca      0x28e d:/projects/devkitPro/libnds/lib\libnds9.a(interrupts.o)
 .debug_abbrev  0x00002758       0x14 d:/projects/devkitPro/libnds/lib\libnds9.a(cpu_clock.o)
 .debug_abbrev  0x0000276c       0x12 d:/projects/devkitPro/libnds/lib\libnds9.a(IntrWait.o)
 .debug_abbrev  0x0000277e       0x12 d:/projects/devkitPro/libnds/lib\libnds9.a(mpu_setup.o)
 .debug_abbrev  0x00002790       0x14 d:/projects/devkitPro/libnds/lib\libnds9.a(swiSoftReset.o)
 .debug_abbrev  0x000027a4       0x12 d:/projects/devkitPro/libnds/lib\libnds9.a(biosCalls.o)
 .debug_abbrev  0x000027b6       0x14 d:/projects/devkitPro/libnds/lib\libnds9.a(interruptDispatcher.o)
 .debug_abbrev  0x000027ca      0x323 d:/projects/devkitPro/libnds/lib\libnds9.a(trig.o)
 .debug_abbrev  0x00002aed      0x216 d:/projects/devkitPro/libnds/lib\libnds9.a(video.o)
 .debug_abbrev  0x00002d03      0x1da d:/projects/devkitPro/libnds/lib\libnds9.a(timeSupport.o)

.debug_line     0x00000000     0x3d6e
 *(.debug_line)
 .debug_line    0x00000000      0x3bf game.o
 .debug_line    0x000003bf      0x4bd main.o
 .debug_line    0x0000087c      0x328 d:/projects/devkitPro/libnds/lib\libnds9.a(keys.o)
 .debug_line    0x00000ba4      0x74b d:/projects/devkitPro/libnds/lib\libnds9.a(console.o)
 .debug_line    0x000012ef      0x3c6 d:/projects/devkitPro/libnds/lib\libnds9.a(system.o)
 .debug_line    0x000016b5      0x2bd d:/projects/devkitPro/libnds/lib\libnds9.a(touch.o)
 .debug_line    0x00001972      0x3d9 d:/projects/devkitPro/libnds/lib\libnds9.a(background.o)
 .debug_line    0x00001d4b       0x7f d:/projects/devkitPro/libnds/lib\libnds9.a(securearea.o)
 .debug_line    0x00001dca      0x3a1 d:/projects/devkitPro/libnds/lib\libnds9.a(initSystem.o)
 .debug_line    0x0000216b      0x8a0 d:/projects/devkitPro/libnds/lib\libnds9.a(fifosystem.o)
 .debug_line    0x00002a0b      0x2a6 d:/projects/devkitPro/libnds/lib\libnds9.a(libnds_exit.arm.o)
 .debug_line    0x00002cb1      0x2e6 d:/projects/devkitPro/libnds/lib\libnds9.a(interrupts.o)
 .debug_line    0x00002f97       0xa0 d:/projects/devkitPro/libnds/lib\libnds9.a(cpu_clock.o)
 .debug_line    0x00003037       0xb4 d:/projects/devkitPro/libnds/lib\libnds9.a(IntrWait.o)
 .debug_line    0x000030eb      0x12c d:/projects/devkitPro/libnds/lib\libnds9.a(mpu_setup.o)
 .debug_line    0x00003217       0x99 d:/projects/devkitPro/libnds/lib\libnds9.a(swiSoftReset.o)
 .debug_line    0x000032b0      0x1ef d:/projects/devkitPro/libnds/lib\libnds9.a(biosCalls.o)
 .debug_line    0x0000349f       0xc9 d:/projects/devkitPro/libnds/lib\libnds9.a(interruptDispatcher.o)
 .debug_line    0x00003568      0x3a3 d:/projects/devkitPro/libnds/lib\libnds9.a(trig.o)
 .debug_line    0x0000390b      0x285 d:/projects/devkitPro/libnds/lib\libnds9.a(video.o)
 .debug_line    0x00003b90      0x1de d:/projects/devkitPro/libnds/lib\libnds9.a(timeSupport.o)

.debug_frame    0x00000000      0xa44
 *(.debug_frame)
 .debug_frame   0x00000000       0x38 game.o
 .debug_frame   0x00000038       0x78 main.o
 .debug_frame   0x000000b0       0x8c d:/projects/devkitPro/libnds/lib\libnds9.a(keys.o)
 .debug_frame   0x0000013c      0x1a4 d:/projects/devkitPro/libnds/lib\libnds9.a(console.o)
 .debug_frame   0x000002e0       0xf8 d:/projects/devkitPro/libnds/lib\libnds9.a(system.o)
 .debug_frame   0x000003d8       0x3c d:/projects/devkitPro/libnds/lib\libnds9.a(touch.o)
 .debug_frame   0x00000414       0xc0 d:/projects/devkitPro/libnds/lib\libnds9.a(background.o)
 .debug_frame   0x000004d4       0x28 d:/projects/devkitPro/libnds/lib\libnds9.a(initSystem.o)
 .debug_frame   0x000004fc      0x2c0 d:/projects/devkitPro/libnds/lib\libnds9.a(fifosystem.o)
 .debug_frame   0x000007bc       0x3c d:/projects/devkitPro/libnds/lib\libnds9.a(libnds_exit.arm.o)
 .debug_frame   0x000007f8       0xa4 d:/projects/devkitPro/libnds/lib\libnds9.a(interrupts.o)
 .debug_frame   0x0000089c       0xd0 d:/projects/devkitPro/libnds/lib\libnds9.a(trig.o)
 .debug_frame   0x0000096c       0xb8 d:/projects/devkitPro/libnds/lib\libnds9.a(video.o)
 .debug_frame   0x00000a24       0x20 d:/projects/devkitPro/libnds/lib\libnds9.a(timeSupport.o)

.debug_str      0x00000000     0x3d39
 *(.debug_str)
 .debug_str     0x00000000      0xe5b game.o
                                0xfe2 (size before relaxing)
 .debug_str     0x00000e5b      0xa42 main.o
                               0x193a (size before relaxing)
 .debug_str     0x0000189d      0x24b d:/projects/devkitPro/libnds/lib\libnds9.a(keys.o)
                                0x894 (size before relaxing)
 .debug_str     0x00001ae8      0x9d9 d:/projects/devkitPro/libnds/lib\libnds9.a(console.o)
                               0x13e6 (size before relaxing)
 .debug_str     0x000024c1      0x483 d:/projects/devkitPro/libnds/lib\libnds9.a(system.o)
                                0xc2b (size before relaxing)
 .debug_str     0x00002944       0x68 d:/projects/devkitPro/libnds/lib\libnds9.a(touch.o)
                                0x7cc (size before relaxing)
 .debug_str     0x000029ac       0xff d:/projects/devkitPro/libnds/lib\libnds9.a(background.o)
                                0xbb4 (size before relaxing)
 .debug_str     0x00002aab       0x6f d:/projects/devkitPro/libnds/lib\libnds9.a(securearea.o)
                                0x14d (size before relaxing)
 .debug_str     0x00002b1a      0x226 d:/projects/devkitPro/libnds/lib\libnds9.a(initSystem.o)
                               0x1222 (size before relaxing)
 .debug_str     0x00002d40      0x562 d:/projects/devkitPro/libnds/lib\libnds9.a(fifosystem.o)
                                0xdad (size before relaxing)
 .debug_str     0x000032a2      0x11a d:/projects/devkitPro/libnds/lib\libnds9.a(libnds_exit.arm.o)
                                0x865 (size before relaxing)
 .debug_str     0x000033bc       0xa3 d:/projects/devkitPro/libnds/lib\libnds9.a(interrupts.o)
                                0x4d7 (size before relaxing)
 .debug_str     0x0000345f       0x6a d:/projects/devkitPro/libnds/lib\libnds9.a(cpu_clock.o)
                                 0xae (size before relaxing)
 .debug_str     0x000034c9       0x5d d:/projects/devkitPro/libnds/lib\libnds9.a(IntrWait.o)
                                 0xad (size before relaxing)
 .debug_str     0x00003526       0x5e d:/projects/devkitPro/libnds/lib\libnds9.a(mpu_setup.o)
                                 0xae (size before relaxing)
 .debug_str     0x00003584       0x5c d:/projects/devkitPro/libnds/lib\libnds9.a(swiSoftReset.o)
                                 0xac (size before relaxing)
 .debug_str     0x000035e0       0x59 d:/projects/devkitPro/libnds/lib\libnds9.a(biosCalls.o)
                                 0xa9 (size before relaxing)
 .debug_str     0x00003639       0x63 d:/projects/devkitPro/libnds/lib\libnds9.a(interruptDispatcher.o)
                                 0xb3 (size before relaxing)
 .debug_str     0x0000369c       0xea d:/projects/devkitPro/libnds/lib\libnds9.a(trig.o)
                                0x701 (size before relaxing)
 .debug_str     0x00003786      0x545 d:/projects/devkitPro/libnds/lib\libnds9.a(video.o)
                                0xc4f (size before relaxing)
 .debug_str     0x00003ccb       0x6e d:/projects/devkitPro/libnds/lib\libnds9.a(timeSupport.o)
                                0x693 (size before relaxing)

.debug_loc      0x00000000     0x3740
 *(.debug_loc)
 .debug_loc     0x00000000       0x49 game.o
 .debug_loc     0x00000049      0x140 main.o
 .debug_loc     0x00000189      0xfbe d:/projects/devkitPro/libnds/lib\libnds9.a(console.o)
 .debug_loc     0x00001147      0x1f9 d:/projects/devkitPro/libnds/lib\libnds9.a(system.o)
 .debug_loc     0x00001340       0xa5 d:/projects/devkitPro/libnds/lib\libnds9.a(touch.o)
 .debug_loc     0x000013e5      0x396 d:/projects/devkitPro/libnds/lib\libnds9.a(background.o)
 .debug_loc     0x0000177b       0xd8 d:/projects/devkitPro/libnds/lib\libnds9.a(initSystem.o)
 .debug_loc     0x00001853     0x1279 d:/projects/devkitPro/libnds/lib\libnds9.a(fifosystem.o)
 .debug_loc     0x00002acc       0x58 d:/projects/devkitPro/libnds/lib\libnds9.a(libnds_exit.arm.o)
 .debug_loc     0x00002b24      0x179 d:/projects/devkitPro/libnds/lib\libnds9.a(interrupts.o)
 .debug_loc     0x00002c9d      0x7fc d:/projects/devkitPro/libnds/lib\libnds9.a(trig.o)
 .debug_loc     0x00003499      0x286 d:/projects/devkitPro/libnds/lib\libnds9.a(video.o)
 .debug_loc     0x0000371f       0x21 d:/projects/devkitPro/libnds/lib\libnds9.a(timeSupport.o)

.debug_macinfo
 *(.debug_macinfo)

.debug_weaknames
 *(.debug_weaknames)

.debug_funcnames
 *(.debug_funcnames)

.debug_typenames
 *(.debug_typenames)

.debug_varnames
 *(.debug_varnames)

.stack          0x00080000        0x0
                0x00080000                _stack = .
 *(.stack)
LOAD d:/projects/devkitpro/devkitarm/bin/../lib/gcc/arm-none-eabi/7.1.0/../../../../arm-none-eabi/lib/ds_arm9_crt0.o
LOAD d:/projects/devkitpro/devkitarm/bin/../lib/gcc/arm-none-eabi/7.1.0/crti.o
LOAD d:/projects/devkitpro/devkitarm/bin/../lib/gcc/arm-none-eabi/7.1.0/crtbegin.o
LOAD soundbank.bin.o